Initialize and validate risk-averse-trial-cost-1
Using SequenceForm
Game: LitigationGame: Specification-ModerateRiskAversion__Cost-1__Fee-British
CollapseChanceDecisions True
NumOffers 10   
NumPotentialBargainingRounds 1  BargainingRoundsSimultaneous True SimultaneousOffersUltimatelyRevealed True 
NumLiabilityStrengthPoints 2 NumLiabilitySignals 10 PLiabilityNoiseStdev 0.2 DLiabilityNoiseStdev 0.2 CourtLiabilityNoiseStdev 0.2 
NumDamagesStrengthPoints 1 NumDamagesSignals 1 PDamagesNoiseStdev 0.1 DDamagesNoiseStdev 0.1 CourtDamagesNoiseStdev 0.15 
SkipFileAndAnswerDecisions False AllowAbandonAndDefaults True PredeterminedAbandonAndDefaults True IncludeAgreementToBargainDecisions False DeltaOffersOptions N/A 
CostsMultiplier 1 PTrialCosts 0.15 DTrialCosts 0.15 PFilingCost 0.15 DAnswerCost 0.15 PerPartyCostsLeadingUpToBargainingRound 0 
LoserPays True Multiple 1 AfterAbandonment False Rule68 False Margin False (0.7)
PInitialWealth 10 DInitialWealth 10 
DamagesMin 0 DamagesMax 1 DamagesMultiplier 1
RegretAversion 0 
PUtilityCalculator CARA Alpha=2 DUtilityCalculator CARA Alpha=2 
LitigGameDisputeGenerator LitigGameUniformQualityDisputeGenerator QualityDistribution=Uniform(0,1);TruthGivenQuality=Bernoulli(q);GaussLegendreOrder=64
WarmStartOptions NoWarmStart for  iterations
Initializing all game paths...
... Chance nodes 111 decision nodes 4900 (80 information sets) final nodes 40200 total nodes 45211 Initialization milliseconds 1640
Prepping accelerated best response...
... 294 milliseconds. Chance nodes 111 decision nodes 4900 (80 information sets) final nodes 40200 total nodes 45211
Calculating min-max...
... complete 130 milliseconds
  forward sweep 1: P Offer, 5 information sets jointly; score 0.080128; max gain 2.5E-10
  forward sweep 1: D Offer, 2 information sets jointly; score 0.084163; max gain 2.5E-10
forward: sweep 1 accepted 2 blocks; score 0.084163
forward: sweep 2 accepted 0 blocks; score 0.084163
  reverse sweep 1: D Offer, 5 information sets jointly; score 0.073658; max gain 2.5E-10
  reverse sweep 1: P Offer, 4 information sets jointly; score 0.106845; max gain 2.5E-10
reverse: sweep 1 accepted 2 blocks; score 0.106845
  reverse sweep 2: P Offer, 4 information sets jointly; score 0.106847; max gain 2.51E-10
reverse: sweep 2 accepted 1 blocks; score 0.106847
  reverse sweep 3: P Offer, 4 information sets jointly; score 0.106849; max gain 2.52E-10
reverse: sweep 3 accepted 1 blocks; score 0.106849
  reverse sweep 4: P Offer, 4 information sets jointly; score 0.106850; max gain 2.53E-10
reverse: sweep 4 accepted 1 blocks; score 0.106850
  reverse sweep 5: P Offer, 4 information sets jointly; score 0.106852; max gain 2.54E-10
reverse: sweep 5 accepted 1 blocks; score 0.106852
  reverse sweep 6: P Offer, 4 information sets jointly; score 0.106854; max gain 2.55E-10
reverse: sweep 6 accepted 1 blocks; score 0.106854
Completed risk-averse-trial-cost-1: reverse; score 0.106854; maximum gain 2.55E-10
