Audited 21 saved profiles for Specification-Baseline__Cost-1__Fee-American__Starts-50; no equilibrium searches performed.
Audited 15 saved profiles for Specification-Baseline__Cost-1__Fee-British__ExitFees-AllUnilateralExits__Starts-50; no equilibrium searches performed.
Audited 11 saved profiles for Specification-Baseline__Cost-1__Fee-British__Starts-50; no equilibrium searches performed.
Audited 12 saved profiles for Specification-ModerateRiskAversion__Cost-1__Fee-American__Starts-50; no equilibrium searches performed.
Audited 7 saved profiles for Specification-ModerateRiskAversion__Cost-1__Fee-British__ExitFees-AllUnilateralExits__Starts-50; no equilibrium searches performed.
Audited 19 saved profiles for Specification-ModerateRiskAversion__Cost-1__Fee-British__Starts-50; no equilibrium searches performed.
[1/517] cost-1-disposition-ranges
[2/517] cost-1-equilibrium-recoveries
[3/517] cost-1-disposition-ranges
[4/517] cost-1-disposition-ranges
[5/517] cost-1-welfare-outcome-ranges
[6/517] cost-1-welfare-outcome-ranges
[7/517] cost-1-welfare-outcome-ranges
[8/517] CS004ME Specification-Baseline__Cost-1__Fee-American__Starts-50 -costbreakdowndark-Eq2
[9/517] CS004ME Specification-Baseline__Cost-1__Fee-American__Starts-50 -stagecostlight-Eq3
[10/517] CS004ME Specification-Baseline__Cost-1__Fee-American__Starts-50 -costbreakdownlight-Eq2
[11/517] CS004ME Specification-Baseline__Cost-1__Fee-American__Starts-50 -costbreakdownlight-Eq3
[12/517] CS004ME Specification-Baseline__Cost-1__Fee-American__Starts-50 -costbreakdownlight-Eq4
[13/517] CS004ME Specification-Baseline__Cost-1__Fee-American__Starts-50 -stagecostlight-Eq2
[14/517] CS004ME Specification-Baseline__Cost-1__Fee-American__Starts-50 -stagecostlight-Eq1
[15/517] CS004ME Specification-Baseline__Cost-1__Fee-American__Starts-50 -stagecostlight-Eq4
[16/517] CS004ME Specification-Baseline__Cost-1__Fee-American__Starts-50 -costbreakdowndark-Eq3
[17/517] CS004ME Specification-Baseline__Cost-1__Fee-American__Starts-50 -costbreakdowndark-Eq1
[18/517] CS004ME Specification-Baseline__Cost-1__Fee-American__Starts-50 -stagecostdark-Eq2
[19/517] CS004ME Specification-Baseline__Cost-1__Fee-American__Starts-50 -costbreakdowndark-Eq4
[20/517] CS004ME Specification-Baseline__Cost-1__Fee-American__Starts-50 -costbreakdownlight-Eq1
[21/517] CS004ME Specification-Baseline__Cost-1__Fee-American__Starts-50 -fileans-Eq2
[22/517] CS004ME Specification-Baseline__Cost-1__Fee-American__Starts-50 -fileans-Eq1
[23/517] CS004ME Specification-Baseline__Cost-1__Fee-American__Starts-50 -fileans-Eq5
[24/517] CS004ME Specification-Baseline__Cost-1__Fee-American__Starts-50 -offers-Eq2
[25/517] CS004ME Specification-Baseline__Cost-1__Fee-American__Starts-50 -offers-Eq1
[26/517] CS004ME Specification-Baseline__Cost-1__Fee-American__Starts-50 -stagecostdark-Eq5
[27/517] CS004ME Specification-Baseline__Cost-1__Fee-American__Starts-50 -costbreakdowndark-Eq5
[28/517] CS004ME Specification-Baseline__Cost-1__Fee-American__Starts-50 -offers-Eq5
[29/517] CS004ME Specification-Baseline__Cost-1__Fee-American__Starts-50 -offers-Eq3
[30/517] CS004ME Specification-Baseline__Cost-1__Fee-American__Starts-50 -stagecostdark-Eq4
[31/517] CS004ME Specification-Baseline__Cost-1__Fee-American__Starts-50 -fileans-Eq4
[32/517] CS004ME Specification-Baseline__Cost-1__Fee-American__Starts-50 -stagecostlight-Eq5
[33/517] CS004ME Specification-Baseline__Cost-1__Fee-American__Starts-50 -costbreakdownlight-Eq6
[34/517] CS004ME Specification-Baseline__Cost-1__Fee-American__Starts-50 -stagecostdark-Eq1
[35/517] CS004ME Specification-Baseline__Cost-1__Fee-American__Starts-50 -offers-Eq4
[36/517] CS004ME Specification-Baseline__Cost-1__Fee-American__Starts-50 -costbreakdownlight-Eq5
[37/517] CS004ME Specification-Baseline__Cost-1__Fee-American__Starts-50 -costbreakdowndark-Eq6
[38/517] CS004ME Specification-Baseline__Cost-1__Fee-American__Starts-50 -stagecostdark-Eq3
[39/517] CS004ME Specification-Baseline__Cost-1__Fee-American__Starts-50 -fileans-Eq3
[40/517] CS004ME Specification-Baseline__Cost-1__Fee-American__Starts-50 -stagecostlight-Eq6
[41/517] CS004ME Specification-Baseline__Cost-1__Fee-American__Starts-50 -costbreakdownlight-Eq8
[42/517] CS004ME Specification-Baseline__Cost-1__Fee-American__Starts-50 -stagecostdark-Eq6
[43/517] CS004ME Specification-Baseline__Cost-1__Fee-American__Starts-50 -stagecostlight-Eq7
[44/517] CS004ME Specification-Baseline__Cost-1__Fee-American__Starts-50 -fileans-Eq6
[45/517] CS004ME Specification-Baseline__Cost-1__Fee-American__Starts-50 -costbreakdownlight-Eq7
[46/517] CS004ME Specification-Baseline__Cost-1__Fee-American__Starts-50 -fileans-Eq7
[47/517] CS004ME Specification-Baseline__Cost-1__Fee-American__Starts-50 -stagecostdark-Eq7
[48/517] CS004ME Specification-Baseline__Cost-1__Fee-American__Starts-50 -costbreakdowndark-Eq8
[49/517] CS004ME Specification-Baseline__Cost-1__Fee-American__Starts-50 -fileans-Eq8
[50/517] CS004ME Specification-Baseline__Cost-1__Fee-American__Starts-50 -offers-Eq6
[51/517] CS004ME Specification-Baseline__Cost-1__Fee-American__Starts-50 -offers-Eq7
[52/517] CS004ME Specification-Baseline__Cost-1__Fee-American__Starts-50 -stagecostlight-Eq8
[53/517] CS004ME Specification-Baseline__Cost-1__Fee-American__Starts-50 -costbreakdowndark-Eq7
[54/517] CS004ME Specification-Baseline__Cost-1__Fee-American__Starts-50 -fileans-Eq9
[55/517] CS004ME Specification-Baseline__Cost-1__Fee-American__Starts-50 -costbreakdownlight-Eq9
[56/517] CS004ME Specification-Baseline__Cost-1__Fee-American__Starts-50 -costbreakdownlight-Eq10
[57/517] CS004ME Specification-Baseline__Cost-1__Fee-American__Starts-50 -costbreakdowndark-Eq9
[58/517] CS004ME Specification-Baseline__Cost-1__Fee-American__Starts-50 -stagecostlight-Eq9
[59/517] CS004ME Specification-Baseline__Cost-1__Fee-American__Starts-50 -stagecostdark-Eq8
[60/517] CS004ME Specification-Baseline__Cost-1__Fee-American__Starts-50 -stagecostdark-Eq9
[61/517] CS004ME Specification-Baseline__Cost-1__Fee-American__Starts-50 -fileans-Eq10
[62/517] CS004ME Specification-Baseline__Cost-1__Fee-American__Starts-50 -stagecostlight-Eq11
[63/517] CS004ME Specification-Baseline__Cost-1__Fee-American__Starts-50 -offers-Eq8
[64/517] CS004ME Specification-Baseline__Cost-1__Fee-American__Starts-50 -offers-Eq9
[65/517] CS004ME Specification-Baseline__Cost-1__Fee-American__Starts-50 -costbreakdownlight-Eq11
[66/517] CS004ME Specification-Baseline__Cost-1__Fee-American__Starts-50 -stagecostlight-Eq10
[67/517] CS004ME Specification-Baseline__Cost-1__Fee-American__Starts-50 -costbreakdowndark-Eq10
[68/517] CS004ME Specification-Baseline__Cost-1__Fee-American__Starts-50 -costbreakdowndark-Eq11
[69/517] CS004ME Specification-Baseline__Cost-1__Fee-American__Starts-50 -fileans-Eq11
[70/517] CS004ME Specification-Baseline__Cost-1__Fee-American__Starts-50 -offers-Eq10
[71/517] CS004ME Specification-Baseline__Cost-1__Fee-American__Starts-50 -offers-Eq11
[72/517] CS004ME Specification-Baseline__Cost-1__Fee-American__Starts-50 -stagecostlight-Eq12
[73/517] CS004ME Specification-Baseline__Cost-1__Fee-American__Starts-50 -stagecostdark-Eq10
[74/517] CS004ME Specification-Baseline__Cost-1__Fee-American__Starts-50 -costbreakdownlight-Eq12
[75/517] CS004ME Specification-Baseline__Cost-1__Fee-American__Starts-50 -stagecostlight-Eq13
[76/517] CS004ME Specification-Baseline__Cost-1__Fee-American__Starts-50 -stagecostdark-Eq11
[77/517] CS004ME Specification-Baseline__Cost-1__Fee-American__Starts-50 -stagecostdark-Eq12
[78/517] CS004ME Specification-Baseline__Cost-1__Fee-American__Starts-50 -stagecostlight-Eq14
[79/517] CS004ME Specification-Baseline__Cost-1__Fee-American__Starts-50 -offers-Eq12
[80/517] CS004ME Specification-Baseline__Cost-1__Fee-American__Starts-50 -fileans-Eq13
[81/517] CS004ME Specification-Baseline__Cost-1__Fee-American__Starts-50 -costbreakdownlight-Eq13
[82/517] CS004ME Specification-Baseline__Cost-1__Fee-American__Starts-50 -fileans-Eq12
[83/517] CS004ME Specification-Baseline__Cost-1__Fee-American__Starts-50 -offers-Eq13
[84/517] CS004ME Specification-Baseline__Cost-1__Fee-American__Starts-50 -costbreakdowndark-Eq14
[85/517] CS004ME Specification-Baseline__Cost-1__Fee-American__Starts-50 -costbreakdowndark-Eq13
[86/517] CS004ME Specification-Baseline__Cost-1__Fee-American__Starts-50 -offers-Eq14
[87/517] CS004ME Specification-Baseline__Cost-1__Fee-American__Starts-50 -stagecostdark-Eq13
[88/517] CS004ME Specification-Baseline__Cost-1__Fee-American__Starts-50 -stagecostdark-Eq14
[89/517] CS004ME Specification-Baseline__Cost-1__Fee-American__Starts-50 -stagecostlight-Eq15
[90/517] CS004ME Specification-Baseline__Cost-1__Fee-American__Starts-50 -costbreakdownlight-Eq16
[91/517] CS004ME Specification-Baseline__Cost-1__Fee-American__Starts-50 -fileans-Eq15
[92/517] CS004ME Specification-Baseline__Cost-1__Fee-American__Starts-50 -costbreakdownlight-Eq14
[93/517] CS004ME Specification-Baseline__Cost-1__Fee-American__Starts-50 -costbreakdowndark-Eq15
[94/517] CS004ME Specification-Baseline__Cost-1__Fee-American__Starts-50 -fileans-Eq14
[95/517] CS004ME Specification-Baseline__Cost-1__Fee-American__Starts-50 -costbreakdowndark-Eq16
[96/517] CS004ME Specification-Baseline__Cost-1__Fee-American__Starts-50 -costbreakdowndark-Eq12
[97/517] CS004ME Specification-Baseline__Cost-1__Fee-American__Starts-50 -stagecostlight-Eq16
[98/517] CS004ME Specification-Baseline__Cost-1__Fee-American__Starts-50 -costbreakdownlight-Eq17
[99/517] CS004ME Specification-Baseline__Cost-1__Fee-American__Starts-50 -stagecostdark-Eq15
[100/517] CS004ME Specification-Baseline__Cost-1__Fee-American__Starts-50 -costbreakdownlight-Eq18
[101/517] CS004ME Specification-Baseline__Cost-1__Fee-American__Starts-50 -stagecostlight-Eq17
[102/517] CS004ME Specification-Baseline__Cost-1__Fee-American__Starts-50 -costbreakdownlight-Eq19
[103/517] CS004ME Specification-Baseline__Cost-1__Fee-American__Starts-50 -fileans-Eq17
[104/517] CS004ME Specification-Baseline__Cost-1__Fee-American__Starts-50 -stagecostdark-Eq17
[105/517] CS004ME Specification-Baseline__Cost-1__Fee-American__Starts-50 -stagecostdark-Eq16
[106/517] CS004ME Specification-Baseline__Cost-1__Fee-American__Starts-50 -fileans-Eq16
[107/517] CS004ME Specification-Baseline__Cost-1__Fee-American__Starts-50 -costbreakdownlight-Eq15
[108/517] CS004ME Specification-Baseline__Cost-1__Fee-American__Starts-50 -costbreakdowndark-Eq17
[109/517] CS004ME Specification-Baseline__Cost-1__Fee-American__Starts-50 -offers-Eq17
[110/517] CS004ME Specification-Baseline__Cost-1__Fee-American__Starts-50 -offers-Eq15
[111/517] CS004ME Specification-Baseline__Cost-1__Fee-American__Starts-50 -offers-Eq16
[112/517] CS004ME Specification-Baseline__Cost-1__Fee-American__Starts-50 -stagecostlight-Eq18
[113/517] CS004ME Specification-Baseline__Cost-1__Fee-American__Starts-50 -offers-Eq18
[114/517] CS004ME Specification-Baseline__Cost-1__Fee-American__Starts-50 -fileans-Eq18
[115/517] CS004ME Specification-Baseline__Cost-1__Fee-American__Starts-50 -costbreakdowndark-Eq18
[116/517] CS004ME Specification-Baseline__Cost-1__Fee-American__Starts-50 -stagecostlight-Eq19
[117/517] CS004ME Specification-Baseline__Cost-1__Fee-American__Starts-50 -fileans-Eq19
[118/517] CS004ME Specification-Baseline__Cost-1__Fee-American__Starts-50 -costbreakdownlight-Eq20
[119/517] CS004ME Specification-Baseline__Cost-1__Fee-American__Starts-50 -costbreakdowndark-Eq19
[120/517] CS004ME Specification-Baseline__Cost-1__Fee-American__Starts-50 -stagecostdark-Eq18
[121/517] CS004ME Specification-Baseline__Cost-1__Fee-American__Starts-50 -stagecostdark-Eq19
[122/517] CS004ME Specification-Baseline__Cost-1__Fee-American__Starts-50 -stagecostlight-Eq20
[123/517] CS004ME Specification-Baseline__Cost-1__Fee-American__Starts-50 -fileans-Eq20
[124/517] CS004ME Specification-Baseline__Cost-1__Fee-American__Starts-50 -costbreakdownlight-Eq21
[125/517] CS004ME Specification-Baseline__Cost-1__Fee-American__Starts-50 -stagecostdark-Eq20
[126/517] CS004ME Specification-Baseline__Cost-1__Fee-American__Starts-50 -offers-Eq19
[127/517] CS004ME Specification-Baseline__Cost-1__Fee-American__Starts-50 -offers-Eq20
[128/517] CS004ME Specification-Baseline__Cost-1__Fee-American__Starts-50 -costbreakdowndark-Eq20
[129/517] CS004ME Specification-Baseline__Cost-1__Fee-American__Starts-50 -fileans-Eq21
[130/517] CS004ME Specification-Baseline__Cost-1__Fee-British__ExitFees-AllUnilateralExits__Starts-50 -costbreakdownlight-Eq1
[131/517] CS004ME Specification-Baseline__Cost-1__Fee-American__Starts-50 -stagecostlight-Eq21
[132/517] CS004ME Specification-Baseline__Cost-1__Fee-British__ExitFees-AllUnilateralExits__Starts-50 -stagecostlight-Eq1
[133/517] CS004ME Specification-Baseline__Cost-1__Fee-British__ExitFees-AllUnilateralExits__Starts-50 -costbreakdownlight-Eq2
[134/517] CS004ME Specification-Baseline__Cost-1__Fee-British__ExitFees-AllUnilateralExits__Starts-50 -stagecostdark-Eq1
[135/517] CS004ME Specification-Baseline__Cost-1__Fee-American__Starts-50 -costbreakdowndark-Eq21
[136/517] CS004ME Specification-Baseline__Cost-1__Fee-British__ExitFees-AllUnilateralExits__Starts-50 -costbreakdowndark-Eq1
[137/517] CS004ME Specification-Baseline__Cost-1__Fee-British__ExitFees-AllUnilateralExits__Starts-50 -fileans-Eq1
[138/517] CS004ME Specification-Baseline__Cost-1__Fee-British__ExitFees-AllUnilateralExits__Starts-50 -stagecostlight-Eq2
[139/517] CS004ME Specification-Baseline__Cost-1__Fee-American__Starts-50 -offers-Eq21
[140/517] CS004ME Specification-Baseline__Cost-1__Fee-American__Starts-50 -stagecostdark-Eq21
[141/517] CS004ME Specification-Baseline__Cost-1__Fee-British__ExitFees-AllUnilateralExits__Starts-50 -fileans-Eq2
[142/517] CS004ME Specification-Baseline__Cost-1__Fee-British__ExitFees-AllUnilateralExits__Starts-50 -offers-Eq1
[143/517] CS004ME Specification-Baseline__Cost-1__Fee-British__ExitFees-AllUnilateralExits__Starts-50 -stagecostlight-Eq3
[144/517] CS004ME Specification-Baseline__Cost-1__Fee-British__ExitFees-AllUnilateralExits__Starts-50 -stagecostdark-Eq2
[145/517] CS004ME Specification-Baseline__Cost-1__Fee-British__ExitFees-AllUnilateralExits__Starts-50 -costbreakdownlight-Eq3
[146/517] CS004ME Specification-Baseline__Cost-1__Fee-British__ExitFees-AllUnilateralExits__Starts-50 -costbreakdowndark-Eq3
[147/517] CS004ME Specification-Baseline__Cost-1__Fee-British__ExitFees-AllUnilateralExits__Starts-50 -fileans-Eq4
[148/517] CS004ME Specification-Baseline__Cost-1__Fee-British__ExitFees-AllUnilateralExits__Starts-50 -costbreakdownlight-Eq4
[149/517] CS004ME Specification-Baseline__Cost-1__Fee-British__ExitFees-AllUnilateralExits__Starts-50 -offers-Eq2
[150/517] CS004ME Specification-Baseline__Cost-1__Fee-British__ExitFees-AllUnilateralExits__Starts-50 -costbreakdowndark-Eq2
[151/517] CS004ME Specification-Baseline__Cost-1__Fee-British__ExitFees-AllUnilateralExits__Starts-50 -fileans-Eq3
[152/517] CS004ME Specification-Baseline__Cost-1__Fee-British__ExitFees-AllUnilateralExits__Starts-50 -costbreakdownlight-Eq5
[153/517] CS004ME Specification-Baseline__Cost-1__Fee-British__ExitFees-AllUnilateralExits__Starts-50 -costbreakdowndark-Eq4
[154/517] CS004ME Specification-Baseline__Cost-1__Fee-British__ExitFees-AllUnilateralExits__Starts-50 -stagecostdark-Eq3
[155/517] CS004ME Specification-Baseline__Cost-1__Fee-British__ExitFees-AllUnilateralExits__Starts-50 -stagecostlight-Eq4
[156/517] CS004ME Specification-Baseline__Cost-1__Fee-British__ExitFees-AllUnilateralExits__Starts-50 -offers-Eq3
[157/517] CS004ME Specification-Baseline__Cost-1__Fee-British__ExitFees-AllUnilateralExits__Starts-50 -offers-Eq4
[158/517] CS004ME Specification-Baseline__Cost-1__Fee-British__ExitFees-AllUnilateralExits__Starts-50 -stagecostdark-Eq4
[159/517] CS004ME Specification-Baseline__Cost-1__Fee-British__ExitFees-AllUnilateralExits__Starts-50 -costbreakdownlight-Eq6
[160/517] CS004ME Specification-Baseline__Cost-1__Fee-British__ExitFees-AllUnilateralExits__Starts-50 -stagecostlight-Eq5
[161/517] CS004ME Specification-Baseline__Cost-1__Fee-British__ExitFees-AllUnilateralExits__Starts-50 -costbreakdowndark-Eq5
[162/517] CS004ME Specification-Baseline__Cost-1__Fee-British__ExitFees-AllUnilateralExits__Starts-50 -costbreakdownlight-Eq7
[163/517] CS004ME Specification-Baseline__Cost-1__Fee-British__ExitFees-AllUnilateralExits__Starts-50 -stagecostlight-Eq6
[164/517] CS004ME Specification-Baseline__Cost-1__Fee-British__ExitFees-AllUnilateralExits__Starts-50 -costbreakdowndark-Eq6
[165/517] CS004ME Specification-Baseline__Cost-1__Fee-British__ExitFees-AllUnilateralExits__Starts-50 -stagecostdark-Eq5
[166/517] CS004ME Specification-Baseline__Cost-1__Fee-British__ExitFees-AllUnilateralExits__Starts-50 -fileans-Eq5
[167/517] CS004ME Specification-Baseline__Cost-1__Fee-British__ExitFees-AllUnilateralExits__Starts-50 -stagecostdark-Eq6
[168/517] CS004ME Specification-Baseline__Cost-1__Fee-British__ExitFees-AllUnilateralExits__Starts-50 -costbreakdownlight-Eq8
[169/517] CS004ME Specification-Baseline__Cost-1__Fee-British__ExitFees-AllUnilateralExits__Starts-50 -stagecostdark-Eq7
[170/517] CS004ME Specification-Baseline__Cost-1__Fee-British__ExitFees-AllUnilateralExits__Starts-50 -offers-Eq6
[171/517] CS004ME Specification-Baseline__Cost-1__Fee-British__ExitFees-AllUnilateralExits__Starts-50 -offers-Eq5
[172/517] CS004ME Specification-Baseline__Cost-1__Fee-British__ExitFees-AllUnilateralExits__Starts-50 -fileans-Eq6
[173/517] CS004ME Specification-Baseline__Cost-1__Fee-British__ExitFees-AllUnilateralExits__Starts-50 -costbreakdowndark-Eq7
[174/517] CS004ME Specification-Baseline__Cost-1__Fee-British__ExitFees-AllUnilateralExits__Starts-50 -offers-Eq7
[175/517] CS004ME Specification-Baseline__Cost-1__Fee-British__ExitFees-AllUnilateralExits__Starts-50 -fileans-Eq7
[176/517] CS004ME Specification-Baseline__Cost-1__Fee-British__ExitFees-AllUnilateralExits__Starts-50 -stagecostlight-Eq8
[177/517] CS004ME Specification-Baseline__Cost-1__Fee-British__ExitFees-AllUnilateralExits__Starts-50 -fileans-Eq8
[178/517] CS004ME Specification-Baseline__Cost-1__Fee-British__ExitFees-AllUnilateralExits__Starts-50 -costbreakdownlight-Eq9
[179/517] CS004ME Specification-Baseline__Cost-1__Fee-British__ExitFees-AllUnilateralExits__Starts-50 -costbreakdowndark-Eq8
[180/517] CS004ME Specification-Baseline__Cost-1__Fee-British__ExitFees-AllUnilateralExits__Starts-50 -stagecostlight-Eq9
[181/517] CS004ME Specification-Baseline__Cost-1__Fee-British__ExitFees-AllUnilateralExits__Starts-50 -stagecostlight-Eq7
[182/517] CS004ME Specification-Baseline__Cost-1__Fee-British__ExitFees-AllUnilateralExits__Starts-50 -costbreakdownlight-Eq10
[183/517] CS004ME Specification-Baseline__Cost-1__Fee-British__ExitFees-AllUnilateralExits__Starts-50 -offers-Eq9
[184/517] CS004ME Specification-Baseline__Cost-1__Fee-British__ExitFees-AllUnilateralExits__Starts-50 -costbreakdownlight-Eq11
[185/517] CS004ME Specification-Baseline__Cost-1__Fee-British__ExitFees-AllUnilateralExits__Starts-50 -fileans-Eq9
[186/517] CS004ME Specification-Baseline__Cost-1__Fee-British__ExitFees-AllUnilateralExits__Starts-50 -stagecostdark-Eq9
[187/517] CS004ME Specification-Baseline__Cost-1__Fee-British__ExitFees-AllUnilateralExits__Starts-50 -stagecostdark-Eq8
[188/517] CS004ME Specification-Baseline__Cost-1__Fee-British__ExitFees-AllUnilateralExits__Starts-50 -costbreakdowndark-Eq9
[189/517] CS004ME Specification-Baseline__Cost-1__Fee-British__ExitFees-AllUnilateralExits__Starts-50 -stagecostlight-Eq10
[190/517] CS004ME Specification-Baseline__Cost-1__Fee-British__ExitFees-AllUnilateralExits__Starts-50 -fileans-Eq10
[191/517] CS004ME Specification-Baseline__Cost-1__Fee-British__ExitFees-AllUnilateralExits__Starts-50 -offers-Eq8
[192/517] CS004ME Specification-Baseline__Cost-1__Fee-British__ExitFees-AllUnilateralExits__Starts-50 -stagecostlight-Eq11
[193/517] CS004ME Specification-Baseline__Cost-1__Fee-British__ExitFees-AllUnilateralExits__Starts-50 -stagecostdark-Eq10
[194/517] CS004ME Specification-Baseline__Cost-1__Fee-British__ExitFees-AllUnilateralExits__Starts-50 -costbreakdowndark-Eq10
[195/517] CS004ME Specification-Baseline__Cost-1__Fee-British__ExitFees-AllUnilateralExits__Starts-50 -costbreakdowndark-Eq11
[196/517] CS004ME Specification-Baseline__Cost-1__Fee-British__ExitFees-AllUnilateralExits__Starts-50 -fileans-Eq11
[197/517] CS004ME Specification-Baseline__Cost-1__Fee-British__ExitFees-AllUnilateralExits__Starts-50 -offers-Eq10
[198/517] CS004ME Specification-Baseline__Cost-1__Fee-British__ExitFees-AllUnilateralExits__Starts-50 -costbreakdownlight-Eq12
[199/517] CS004ME Specification-Baseline__Cost-1__Fee-British__ExitFees-AllUnilateralExits__Starts-50 -stagecostdark-Eq11
[200/517] CS004ME Specification-Baseline__Cost-1__Fee-British__ExitFees-AllUnilateralExits__Starts-50 -stagecostlight-Eq12
[201/517] CS004ME Specification-Baseline__Cost-1__Fee-British__ExitFees-AllUnilateralExits__Starts-50 -fileans-Eq12
[202/517] CS004ME Specification-Baseline__Cost-1__Fee-British__ExitFees-AllUnilateralExits__Starts-50 -costbreakdowndark-Eq12
[203/517] CS004ME Specification-Baseline__Cost-1__Fee-British__ExitFees-AllUnilateralExits__Starts-50 -costbreakdownlight-Eq13
[204/517] CS004ME Specification-Baseline__Cost-1__Fee-British__ExitFees-AllUnilateralExits__Starts-50 -stagecostdark-Eq12
[205/517] CS004ME Specification-Baseline__Cost-1__Fee-British__ExitFees-AllUnilateralExits__Starts-50 -offers-Eq12
[206/517] CS004ME Specification-Baseline__Cost-1__Fee-British__ExitFees-AllUnilateralExits__Starts-50 -costbreakdownlight-Eq14
[207/517] CS004ME Specification-Baseline__Cost-1__Fee-British__ExitFees-AllUnilateralExits__Starts-50 -stagecostlight-Eq13
[208/517] CS004ME Specification-Baseline__Cost-1__Fee-British__ExitFees-AllUnilateralExits__Starts-50 -fileans-Eq13
[209/517] CS004ME Specification-Baseline__Cost-1__Fee-British__ExitFees-AllUnilateralExits__Starts-50 -offers-Eq11
[210/517] CS004ME Specification-Baseline__Cost-1__Fee-British__ExitFees-AllUnilateralExits__Starts-50 -costbreakdowndark-Eq13
[211/517] CS004ME Specification-Baseline__Cost-1__Fee-British__ExitFees-AllUnilateralExits__Starts-50 -stagecostlight-Eq14
[212/517] CS004ME Specification-Baseline__Cost-1__Fee-British__ExitFees-AllUnilateralExits__Starts-50 -stagecostdark-Eq13
[213/517] CS004ME Specification-Baseline__Cost-1__Fee-British__ExitFees-AllUnilateralExits__Starts-50 -offers-Eq13
[214/517] CS004ME Specification-Baseline__Cost-1__Fee-British__Starts-50 -costbreakdownlight-Eq1
[215/517] CS004ME Specification-Baseline__Cost-1__Fee-British__ExitFees-AllUnilateralExits__Starts-50 -stagecostlight-Eq15
[216/517] CS004ME Specification-Baseline__Cost-1__Fee-British__ExitFees-AllUnilateralExits__Starts-50 -stagecostdark-Eq14
[217/517] CS004ME Specification-Baseline__Cost-1__Fee-British__ExitFees-AllUnilateralExits__Starts-50 -fileans-Eq15
[218/517] CS004ME Specification-Baseline__Cost-1__Fee-British__ExitFees-AllUnilateralExits__Starts-50 -fileans-Eq14
[219/517] CS004ME Specification-Baseline__Cost-1__Fee-British__ExitFees-AllUnilateralExits__Starts-50 -costbreakdownlight-Eq15
[220/517] CS004ME Specification-Baseline__Cost-1__Fee-British__ExitFees-AllUnilateralExits__Starts-50 -costbreakdowndark-Eq14
[221/517] CS004ME Specification-Baseline__Cost-1__Fee-British__ExitFees-AllUnilateralExits__Starts-50 -offers-Eq14
[222/517] CS004ME Specification-Baseline__Cost-1__Fee-British__ExitFees-AllUnilateralExits__Starts-50 -costbreakdowndark-Eq15
[223/517] CS004ME Specification-Baseline__Cost-1__Fee-British__ExitFees-AllUnilateralExits__Starts-50 -stagecostdark-Eq15
[224/517] CS004ME Specification-Baseline__Cost-1__Fee-British__Starts-50 -costbreakdowndark-Eq1
[225/517] CS004ME Specification-Baseline__Cost-1__Fee-British__ExitFees-AllUnilateralExits__Starts-50 -offers-Eq15
[226/517] CS004ME Specification-Baseline__Cost-1__Fee-British__Starts-50 -stagecostlight-Eq1
[227/517] CS004ME Specification-Baseline__Cost-1__Fee-British__Starts-50 -fileans-Eq2
[228/517] CS004ME Specification-Baseline__Cost-1__Fee-British__Starts-50 -fileans-Eq1
[229/517] CS004ME Specification-Baseline__Cost-1__Fee-British__Starts-50 -costbreakdownlight-Eq2
[230/517] CS004ME Specification-Baseline__Cost-1__Fee-British__Starts-50 -costbreakdownlight-Eq3
[231/517] CS004ME Specification-Baseline__Cost-1__Fee-British__Starts-50 -stagecostlight-Eq2
[232/517] CS004ME Specification-Baseline__Cost-1__Fee-British__Starts-50 -stagecostdark-Eq1
[233/517] CS004ME Specification-Baseline__Cost-1__Fee-British__Starts-50 -costbreakdowndark-Eq2
[234/517] CS004ME Specification-Baseline__Cost-1__Fee-British__Starts-50 -costbreakdowndark-Eq3
[235/517] CS004ME Specification-Baseline__Cost-1__Fee-British__Starts-50 -offers-Eq1
[236/517] CS004ME Specification-Baseline__Cost-1__Fee-British__Starts-50 -offers-Eq2
[237/517] CS004ME Specification-Baseline__Cost-1__Fee-British__Starts-50 -stagecostlight-Eq3
[238/517] CS004ME Specification-Baseline__Cost-1__Fee-British__Starts-50 -stagecostdark-Eq2
[239/517] CS004ME Specification-Baseline__Cost-1__Fee-British__Starts-50 -costbreakdownlight-Eq4
[240/517] CS004ME Specification-Baseline__Cost-1__Fee-British__Starts-50 -fileans-Eq3
[241/517] CS004ME Specification-Baseline__Cost-1__Fee-British__Starts-50 -stagecostdark-Eq4
[242/517] CS004ME Specification-Baseline__Cost-1__Fee-British__Starts-50 -stagecostlight-Eq4
[243/517] CS004ME Specification-Baseline__Cost-1__Fee-British__Starts-50 -stagecostdark-Eq3
[244/517] CS004ME Specification-Baseline__Cost-1__Fee-British__Starts-50 -fileans-Eq5
[245/517] CS004ME Specification-Baseline__Cost-1__Fee-British__Starts-50 -fileans-Eq4
[246/517] CS004ME Specification-Baseline__Cost-1__Fee-British__Starts-50 -stagecostlight-Eq5
[247/517] CS004ME Specification-Baseline__Cost-1__Fee-British__Starts-50 -offers-Eq3
[248/517] CS004ME Specification-Baseline__Cost-1__Fee-British__Starts-50 -costbreakdownlight-Eq5
[249/517] CS004ME Specification-Baseline__Cost-1__Fee-British__Starts-50 -costbreakdowndark-Eq5
[250/517] CS004ME Specification-Baseline__Cost-1__Fee-British__Starts-50 -offers-Eq4
[251/517] CS004ME Specification-Baseline__Cost-1__Fee-British__Starts-50 -costbreakdowndark-Eq4
[252/517] CS004ME Specification-Baseline__Cost-1__Fee-British__Starts-50 -costbreakdownlight-Eq6
[253/517] CS004ME Specification-Baseline__Cost-1__Fee-British__Starts-50 -offers-Eq5
[254/517] CS004ME Specification-Baseline__Cost-1__Fee-British__Starts-50 -offers-Eq6
[255/517] CS004ME Specification-Baseline__Cost-1__Fee-British__Starts-50 -fileans-Eq6
[256/517] CS004ME Specification-Baseline__Cost-1__Fee-British__Starts-50 -costbreakdowndark-Eq6
[257/517] CS004ME Specification-Baseline__Cost-1__Fee-British__Starts-50 -stagecostdark-Eq5
[258/517] CS004ME Specification-Baseline__Cost-1__Fee-British__Starts-50 -costbreakdownlight-Eq7
[259/517] CS004ME Specification-Baseline__Cost-1__Fee-British__Starts-50 -stagecostdark-Eq6
[260/517] CS004ME Specification-Baseline__Cost-1__Fee-British__Starts-50 -stagecostlight-Eq6
[261/517] CS004ME Specification-Baseline__Cost-1__Fee-British__Starts-50 -offers-Eq7
[262/517] CS004ME Specification-Baseline__Cost-1__Fee-British__Starts-50 -costbreakdownlight-Eq8
[263/517] CS004ME Specification-Baseline__Cost-1__Fee-British__Starts-50 -stagecostlight-Eq7
[264/517] CS004ME Specification-Baseline__Cost-1__Fee-British__Starts-50 -fileans-Eq7
[265/517] CS004ME Specification-Baseline__Cost-1__Fee-British__Starts-50 -costbreakdowndark-Eq7
[266/517] CS004ME Specification-Baseline__Cost-1__Fee-British__Starts-50 -costbreakdownlight-Eq9
[267/517] CS004ME Specification-Baseline__Cost-1__Fee-British__Starts-50 -costbreakdowndark-Eq8
[268/517] CS004ME Specification-Baseline__Cost-1__Fee-British__Starts-50 -stagecostlight-Eq8
[269/517] CS004ME Specification-Baseline__Cost-1__Fee-British__Starts-50 -stagecostdark-Eq7
[270/517] CS004ME Specification-Baseline__Cost-1__Fee-British__Starts-50 -stagecostdark-Eq9
[271/517] CS004ME Specification-Baseline__Cost-1__Fee-British__Starts-50 -fileans-Eq9
[272/517] CS004ME Specification-Baseline__Cost-1__Fee-British__Starts-50 -offers-Eq8
[273/517] CS004ME Specification-Baseline__Cost-1__Fee-British__Starts-50 -stagecostlight-Eq10
[274/517] CS004ME Specification-Baseline__Cost-1__Fee-British__Starts-50 -costbreakdownlight-Eq10
[275/517] CS004ME Specification-Baseline__Cost-1__Fee-British__Starts-50 -stagecostlight-Eq9
[276/517] CS004ME Specification-Baseline__Cost-1__Fee-British__Starts-50 -fileans-Eq8
[277/517] CS004ME Specification-Baseline__Cost-1__Fee-British__Starts-50 -stagecostdark-Eq8
[278/517] CS004ME Specification-Baseline__Cost-1__Fee-British__Starts-50 -fileans-Eq10
[279/517] CS004ME Specification-Baseline__Cost-1__Fee-British__Starts-50 -costbreakdowndark-Eq9
[280/517] CS004ME Specification-Baseline__Cost-1__Fee-British__Starts-50 -stagecostdark-Eq10
[281/517] CS004ME Specification-Baseline__Cost-1__Fee-British__Starts-50 -offers-Eq10
[282/517] CS004ME Specification-Baseline__Cost-1__Fee-British__Starts-50 -offers-Eq9
[283/517] CS004ME Specification-Baseline__Cost-1__Fee-British__Starts-50 -costbreakdownlight-Eq11
[284/517] CS004ME Specification-Baseline__Cost-1__Fee-British__Starts-50 -fileans-Eq11
[285/517] CS004ME Specification-ModerateRiskAversion__Cost-1__Fee-American__Starts-50 -costbreakdownlight-Eq1
[286/517] CS004ME Specification-Baseline__Cost-1__Fee-British__Starts-50 -stagecostlight-Eq11
[287/517] CS004ME Specification-ModerateRiskAversion__Cost-1__Fee-American__Starts-50 -stagecostlight-Eq1
[288/517] CS004ME Specification-ModerateRiskAversion__Cost-1__Fee-American__Starts-50 -costbreakdownlight-Eq2
[289/517] CS004ME Specification-Baseline__Cost-1__Fee-British__Starts-50 -offers-Eq11
[290/517] CS004ME Specification-ModerateRiskAversion__Cost-1__Fee-American__Starts-50 -costbreakdowndark-Eq1
[291/517] CS004ME Specification-ModerateRiskAversion__Cost-1__Fee-American__Starts-50 -fileans-Eq1
[292/517] CS004ME Specification-Baseline__Cost-1__Fee-British__Starts-50 -costbreakdowndark-Eq11
[293/517] CS004ME Specification-Baseline__Cost-1__Fee-British__Starts-50 -stagecostdark-Eq11
[294/517] CS004ME Specification-ModerateRiskAversion__Cost-1__Fee-American__Starts-50 -costbreakdownlight-Eq3
[295/517] CS004ME Specification-ModerateRiskAversion__Cost-1__Fee-American__Starts-50 -costbreakdowndark-Eq2
[296/517] CS004ME Specification-ModerateRiskAversion__Cost-1__Fee-American__Starts-50 -stagecostlight-Eq2
[297/517] CS004ME Specification-ModerateRiskAversion__Cost-1__Fee-American__Starts-50 -offers-Eq1
[298/517] CS004ME Specification-ModerateRiskAversion__Cost-1__Fee-American__Starts-50 -stagecostdark-Eq1
[299/517] CS004ME Specification-Baseline__Cost-1__Fee-British__Starts-50 -costbreakdowndark-Eq10
[300/517] CS004ME Specification-ModerateRiskAversion__Cost-1__Fee-American__Starts-50 -fileans-Eq2
[301/517] CS004ME Specification-ModerateRiskAversion__Cost-1__Fee-American__Starts-50 -costbreakdowndark-Eq3
[302/517] CS004ME Specification-ModerateRiskAversion__Cost-1__Fee-American__Starts-50 -stagecostlight-Eq4
[303/517] CS004ME Specification-ModerateRiskAversion__Cost-1__Fee-American__Starts-50 -offers-Eq2
[304/517] CS004ME Specification-ModerateRiskAversion__Cost-1__Fee-American__Starts-50 -stagecostlight-Eq3
[305/517] CS004ME Specification-ModerateRiskAversion__Cost-1__Fee-American__Starts-50 -costbreakdownlight-Eq4
[306/517] CS004ME Specification-ModerateRiskAversion__Cost-1__Fee-American__Starts-50 -stagecostdark-Eq2
[307/517] CS004ME Specification-ModerateRiskAversion__Cost-1__Fee-American__Starts-50 -fileans-Eq3
[308/517] CS004ME Specification-ModerateRiskAversion__Cost-1__Fee-American__Starts-50 -fileans-Eq5
[309/517] CS004ME Specification-ModerateRiskAversion__Cost-1__Fee-American__Starts-50 -costbreakdownlight-Eq5
[310/517] CS004ME Specification-ModerateRiskAversion__Cost-1__Fee-American__Starts-50 -stagecostlight-Eq5
[311/517] CS004ME Specification-ModerateRiskAversion__Cost-1__Fee-American__Starts-50 -fileans-Eq4
[312/517] CS004ME Specification-ModerateRiskAversion__Cost-1__Fee-American__Starts-50 -offers-Eq3
[313/517] CS004ME Specification-ModerateRiskAversion__Cost-1__Fee-American__Starts-50 -costbreakdowndark-Eq4
[314/517] CS004ME Specification-ModerateRiskAversion__Cost-1__Fee-American__Starts-50 -stagecostdark-Eq3
[315/517] CS004ME Specification-ModerateRiskAversion__Cost-1__Fee-American__Starts-50 -stagecostlight-Eq6
[316/517] CS004ME Specification-ModerateRiskAversion__Cost-1__Fee-American__Starts-50 -costbreakdowndark-Eq5
[317/517] CS004ME Specification-ModerateRiskAversion__Cost-1__Fee-American__Starts-50 -stagecostdark-Eq5
[318/517] CS004ME Specification-ModerateRiskAversion__Cost-1__Fee-American__Starts-50 -stagecostdark-Eq4
[319/517] CS004ME Specification-ModerateRiskAversion__Cost-1__Fee-American__Starts-50 -offers-Eq4
[320/517] CS004ME Specification-ModerateRiskAversion__Cost-1__Fee-American__Starts-50 -costbreakdownlight-Eq6
[321/517] CS004ME Specification-ModerateRiskAversion__Cost-1__Fee-American__Starts-50 -costbreakdownlight-Eq7
[322/517] CS004ME Specification-ModerateRiskAversion__Cost-1__Fee-American__Starts-50 -offers-Eq5
[323/517] CS004ME Specification-ModerateRiskAversion__Cost-1__Fee-American__Starts-50 -costbreakdowndark-Eq6
[324/517] CS004ME Specification-ModerateRiskAversion__Cost-1__Fee-American__Starts-50 -costbreakdownlight-Eq8
[325/517] CS004ME Specification-ModerateRiskAversion__Cost-1__Fee-American__Starts-50 -fileans-Eq7
[326/517] CS004ME Specification-ModerateRiskAversion__Cost-1__Fee-American__Starts-50 -fileans-Eq6
[327/517] CS004ME Specification-ModerateRiskAversion__Cost-1__Fee-American__Starts-50 -stagecostlight-Eq7
[328/517] CS004ME Specification-ModerateRiskAversion__Cost-1__Fee-American__Starts-50 -stagecostdark-Eq6
[329/517] CS004ME Specification-ModerateRiskAversion__Cost-1__Fee-American__Starts-50 -costbreakdowndark-Eq7
[330/517] CS004ME Specification-ModerateRiskAversion__Cost-1__Fee-American__Starts-50 -offers-Eq6
[331/517] CS004ME Specification-ModerateRiskAversion__Cost-1__Fee-American__Starts-50 -fileans-Eq8
[332/517] CS004ME Specification-ModerateRiskAversion__Cost-1__Fee-American__Starts-50 -offers-Eq7
[333/517] CS004ME Specification-ModerateRiskAversion__Cost-1__Fee-American__Starts-50 -costbreakdowndark-Eq8
[334/517] CS004ME Specification-ModerateRiskAversion__Cost-1__Fee-American__Starts-50 -stagecostlight-Eq8
[335/517] CS004ME Specification-ModerateRiskAversion__Cost-1__Fee-American__Starts-50 -costbreakdownlight-Eq9
[336/517] CS004ME Specification-ModerateRiskAversion__Cost-1__Fee-American__Starts-50 -offers-Eq8
[337/517] CS004ME Specification-ModerateRiskAversion__Cost-1__Fee-American__Starts-50 -fileans-Eq9
[338/517] CS004ME Specification-ModerateRiskAversion__Cost-1__Fee-American__Starts-50 -stagecostdark-Eq7
[339/517] CS004ME Specification-ModerateRiskAversion__Cost-1__Fee-American__Starts-50 -stagecostlight-Eq10
[340/517] CS004ME Specification-ModerateRiskAversion__Cost-1__Fee-American__Starts-50 -costbreakdownlight-Eq10
[341/517] CS004ME Specification-ModerateRiskAversion__Cost-1__Fee-American__Starts-50 -costbreakdowndark-Eq9
[342/517] CS004ME Specification-ModerateRiskAversion__Cost-1__Fee-American__Starts-50 -stagecostdark-Eq8
[343/517] CS004ME Specification-ModerateRiskAversion__Cost-1__Fee-American__Starts-50 -costbreakdownlight-Eq11
[344/517] CS004ME Specification-ModerateRiskAversion__Cost-1__Fee-American__Starts-50 -fileans-Eq10
[345/517] CS004ME Specification-ModerateRiskAversion__Cost-1__Fee-American__Starts-50 -stagecostdark-Eq9
[346/517] CS004ME Specification-ModerateRiskAversion__Cost-1__Fee-American__Starts-50 -stagecostdark-Eq10
[347/517] CS004ME Specification-ModerateRiskAversion__Cost-1__Fee-American__Starts-50 -costbreakdowndark-Eq10
[348/517] CS004ME Specification-ModerateRiskAversion__Cost-1__Fee-American__Starts-50 -costbreakdowndark-Eq11
[349/517] CS004ME Specification-ModerateRiskAversion__Cost-1__Fee-American__Starts-50 -fileans-Eq11
[350/517] CS004ME Specification-ModerateRiskAversion__Cost-1__Fee-American__Starts-50 -stagecostlight-Eq12
[351/517] CS004ME Specification-ModerateRiskAversion__Cost-1__Fee-American__Starts-50 -stagecostlight-Eq9
[352/517] CS004ME Specification-ModerateRiskAversion__Cost-1__Fee-American__Starts-50 -offers-Eq10
[353/517] CS004ME Specification-ModerateRiskAversion__Cost-1__Fee-American__Starts-50 -stagecostlight-Eq11
[354/517] CS004ME Specification-ModerateRiskAversion__Cost-1__Fee-American__Starts-50 -costbreakdownlight-Eq12
[355/517] CS004ME Specification-ModerateRiskAversion__Cost-1__Fee-American__Starts-50 -offers-Eq9
[356/517] CS004ME Specification-ModerateRiskAversion__Cost-1__Fee-American__Starts-50 -stagecostdark-Eq11
[357/517] CS004ME Specification-ModerateRiskAversion__Cost-1__Fee-British__ExitFees-AllUnilateralExits__Starts-50 -stagecostlight-Eq1
[358/517] CS004ME Specification-ModerateRiskAversion__Cost-1__Fee-American__Starts-50 -fileans-Eq12
[359/517] CS004ME Specification-ModerateRiskAversion__Cost-1__Fee-American__Starts-50 -costbreakdowndark-Eq12
[360/517] CS004ME Specification-ModerateRiskAversion__Cost-1__Fee-British__ExitFees-AllUnilateralExits__Starts-50 -fileans-Eq1
[361/517] CS004ME Specification-ModerateRiskAversion__Cost-1__Fee-American__Starts-50 -offers-Eq11
[362/517] CS004ME Specification-ModerateRiskAversion__Cost-1__Fee-British__ExitFees-AllUnilateralExits__Starts-50 -costbreakdownlight-Eq1
[363/517] CS004ME Specification-ModerateRiskAversion__Cost-1__Fee-American__Starts-50 -offers-Eq12
[364/517] CS004ME Specification-ModerateRiskAversion__Cost-1__Fee-British__ExitFees-AllUnilateralExits__Starts-50 -costbreakdowndark-Eq2
[365/517] CS004ME Specification-ModerateRiskAversion__Cost-1__Fee-American__Starts-50 -stagecostdark-Eq12
[366/517] CS004ME Specification-ModerateRiskAversion__Cost-1__Fee-British__ExitFees-AllUnilateralExits__Starts-50 -costbreakdownlight-Eq2
[367/517] CS004ME Specification-ModerateRiskAversion__Cost-1__Fee-British__ExitFees-AllUnilateralExits__Starts-50 -costbreakdowndark-Eq1
[368/517] CS004ME Specification-ModerateRiskAversion__Cost-1__Fee-British__ExitFees-AllUnilateralExits__Starts-50 -costbreakdownlight-Eq3
[369/517] CS004ME Specification-ModerateRiskAversion__Cost-1__Fee-British__ExitFees-AllUnilateralExits__Starts-50 -stagecostlight-Eq2
[370/517] CS004ME Specification-ModerateRiskAversion__Cost-1__Fee-British__ExitFees-AllUnilateralExits__Starts-50 -offers-Eq1
[371/517] CS004ME Specification-ModerateRiskAversion__Cost-1__Fee-British__ExitFees-AllUnilateralExits__Starts-50 -stagecostdark-Eq1
[372/517] CS004ME Specification-ModerateRiskAversion__Cost-1__Fee-British__ExitFees-AllUnilateralExits__Starts-50 -fileans-Eq2
[373/517] CS004ME Specification-ModerateRiskAversion__Cost-1__Fee-British__ExitFees-AllUnilateralExits__Starts-50 -fileans-Eq3
[374/517] CS004ME Specification-ModerateRiskAversion__Cost-1__Fee-British__ExitFees-AllUnilateralExits__Starts-50 -offers-Eq2
[375/517] CS004ME Specification-ModerateRiskAversion__Cost-1__Fee-British__ExitFees-AllUnilateralExits__Starts-50 -stagecostdark-Eq2
[376/517] CS004ME Specification-ModerateRiskAversion__Cost-1__Fee-British__ExitFees-AllUnilateralExits__Starts-50 -stagecostlight-Eq5
[377/517] CS004ME Specification-ModerateRiskAversion__Cost-1__Fee-British__ExitFees-AllUnilateralExits__Starts-50 -stagecostlight-Eq3
[378/517] CS004ME Specification-ModerateRiskAversion__Cost-1__Fee-British__ExitFees-AllUnilateralExits__Starts-50 -fileans-Eq4
[379/517] CS004ME Specification-ModerateRiskAversion__Cost-1__Fee-British__ExitFees-AllUnilateralExits__Starts-50 -costbreakdownlight-Eq5
[380/517] CS004ME Specification-ModerateRiskAversion__Cost-1__Fee-British__ExitFees-AllUnilateralExits__Starts-50 -costbreakdowndark-Eq3
[381/517] CS004ME Specification-ModerateRiskAversion__Cost-1__Fee-British__ExitFees-AllUnilateralExits__Starts-50 -offers-Eq3
[382/517] CS004ME Specification-ModerateRiskAversion__Cost-1__Fee-British__ExitFees-AllUnilateralExits__Starts-50 -costbreakdownlight-Eq4
[383/517] CS004ME Specification-ModerateRiskAversion__Cost-1__Fee-British__ExitFees-AllUnilateralExits__Starts-50 -fileans-Eq5
[384/517] CS004ME Specification-ModerateRiskAversion__Cost-1__Fee-British__ExitFees-AllUnilateralExits__Starts-50 -stagecostlight-Eq4
[385/517] CS004ME Specification-ModerateRiskAversion__Cost-1__Fee-British__ExitFees-AllUnilateralExits__Starts-50 -costbreakdowndark-Eq5
[386/517] CS004ME Specification-ModerateRiskAversion__Cost-1__Fee-British__ExitFees-AllUnilateralExits__Starts-50 -costbreakdowndark-Eq4
[387/517] CS004ME Specification-ModerateRiskAversion__Cost-1__Fee-British__ExitFees-AllUnilateralExits__Starts-50 -stagecostdark-Eq3
[388/517] CS004ME Specification-ModerateRiskAversion__Cost-1__Fee-British__ExitFees-AllUnilateralExits__Starts-50 -offers-Eq4
[389/517] CS004ME Specification-ModerateRiskAversion__Cost-1__Fee-British__ExitFees-AllUnilateralExits__Starts-50 -costbreakdownlight-Eq6
[390/517] CS004ME Specification-ModerateRiskAversion__Cost-1__Fee-British__ExitFees-AllUnilateralExits__Starts-50 -offers-Eq5
[391/517] CS004ME Specification-ModerateRiskAversion__Cost-1__Fee-British__ExitFees-AllUnilateralExits__Starts-50 -stagecostdark-Eq4
[392/517] CS004ME Specification-ModerateRiskAversion__Cost-1__Fee-British__ExitFees-AllUnilateralExits__Starts-50 -stagecostdark-Eq5
[393/517] CS004ME Specification-ModerateRiskAversion__Cost-1__Fee-British__ExitFees-AllUnilateralExits__Starts-50 -stagecostlight-Eq7
[394/517] CS004ME Specification-ModerateRiskAversion__Cost-1__Fee-British__ExitFees-AllUnilateralExits__Starts-50 -stagecostdark-Eq6
[395/517] CS004ME Specification-ModerateRiskAversion__Cost-1__Fee-British__ExitFees-AllUnilateralExits__Starts-50 -stagecostlight-Eq6
[396/517] CS004ME Specification-ModerateRiskAversion__Cost-1__Fee-British__ExitFees-AllUnilateralExits__Starts-50 -fileans-Eq6
[397/517] CS004ME Specification-ModerateRiskAversion__Cost-1__Fee-British__ExitFees-AllUnilateralExits__Starts-50 -costbreakdownlight-Eq7
[398/517] CS004ME Specification-ModerateRiskAversion__Cost-1__Fee-British__ExitFees-AllUnilateralExits__Starts-50 -costbreakdowndark-Eq7
[399/517] CS004ME Specification-ModerateRiskAversion__Cost-1__Fee-British__ExitFees-AllUnilateralExits__Starts-50 -offers-Eq6
[400/517] CS004ME Specification-ModerateRiskAversion__Cost-1__Fee-British__ExitFees-AllUnilateralExits__Starts-50 -costbreakdowndark-Eq6
[401/517] CS004ME Specification-ModerateRiskAversion__Cost-1__Fee-British__Starts-50 -stagecostlight-Eq1
[402/517] CS004ME Specification-ModerateRiskAversion__Cost-1__Fee-British__ExitFees-AllUnilateralExits__Starts-50 -fileans-Eq7
[403/517] CS004ME Specification-ModerateRiskAversion__Cost-1__Fee-British__Starts-50 -costbreakdownlight-Eq1
[404/517] CS004ME Specification-ModerateRiskAversion__Cost-1__Fee-British__ExitFees-AllUnilateralExits__Starts-50 -stagecostdark-Eq7
[405/517] CS004ME Specification-ModerateRiskAversion__Cost-1__Fee-British__ExitFees-AllUnilateralExits__Starts-50 -offers-Eq7
[406/517] CS004ME Specification-ModerateRiskAversion__Cost-1__Fee-British__Starts-50 -costbreakdownlight-Eq2
[407/517] CS004ME Specification-ModerateRiskAversion__Cost-1__Fee-British__Starts-50 -fileans-Eq1
[408/517] CS004ME Specification-ModerateRiskAversion__Cost-1__Fee-British__Starts-50 -stagecostlight-Eq2
[409/517] CS004ME Specification-ModerateRiskAversion__Cost-1__Fee-British__Starts-50 -costbreakdownlight-Eq3
[410/517] CS004ME Specification-ModerateRiskAversion__Cost-1__Fee-British__Starts-50 -costbreakdowndark-Eq1
[411/517] CS004ME Specification-ModerateRiskAversion__Cost-1__Fee-British__Starts-50 -fileans-Eq2
[412/517] CS004ME Specification-ModerateRiskAversion__Cost-1__Fee-British__Starts-50 -fileans-Eq3
[413/517] CS004ME Specification-ModerateRiskAversion__Cost-1__Fee-British__Starts-50 -stagecostdark-Eq1
[414/517] CS004ME Specification-ModerateRiskAversion__Cost-1__Fee-British__Starts-50 -stagecostlight-Eq3
[415/517] CS004ME Specification-ModerateRiskAversion__Cost-1__Fee-British__Starts-50 -costbreakdownlight-Eq4
[416/517] CS004ME Specification-ModerateRiskAversion__Cost-1__Fee-British__Starts-50 -costbreakdowndark-Eq2
[417/517] CS004ME Specification-ModerateRiskAversion__Cost-1__Fee-British__Starts-50 -costbreakdowndark-Eq3
[418/517] CS004ME Specification-ModerateRiskAversion__Cost-1__Fee-British__Starts-50 -offers-Eq1
[419/517] CS004ME Specification-ModerateRiskAversion__Cost-1__Fee-British__Starts-50 -stagecostdark-Eq3
[420/517] CS004ME Specification-ModerateRiskAversion__Cost-1__Fee-British__Starts-50 -stagecostlight-Eq4
[421/517] CS004ME Specification-ModerateRiskAversion__Cost-1__Fee-British__Starts-50 -offers-Eq3
[422/517] CS004ME Specification-ModerateRiskAversion__Cost-1__Fee-British__Starts-50 -offers-Eq2
[423/517] CS004ME Specification-ModerateRiskAversion__Cost-1__Fee-British__Starts-50 -fileans-Eq4
[424/517] CS004ME Specification-ModerateRiskAversion__Cost-1__Fee-British__Starts-50 -costbreakdownlight-Eq5
[425/517] CS004ME Specification-ModerateRiskAversion__Cost-1__Fee-British__Starts-50 -stagecostdark-Eq2
[426/517] CS004ME Specification-ModerateRiskAversion__Cost-1__Fee-British__Starts-50 -costbreakdowndark-Eq5
[427/517] CS004ME Specification-ModerateRiskAversion__Cost-1__Fee-British__Starts-50 -costbreakdowndark-Eq4
[428/517] CS004ME Specification-ModerateRiskAversion__Cost-1__Fee-British__Starts-50 -stagecostlight-Eq5
[429/517] CS004ME Specification-ModerateRiskAversion__Cost-1__Fee-British__Starts-50 -costbreakdownlight-Eq6
[430/517] CS004ME Specification-ModerateRiskAversion__Cost-1__Fee-British__Starts-50 -fileans-Eq5
[431/517] CS004ME Specification-ModerateRiskAversion__Cost-1__Fee-British__Starts-50 -offers-Eq4
[432/517] CS004ME Specification-ModerateRiskAversion__Cost-1__Fee-British__Starts-50 -stagecostdark-Eq4
[433/517] CS004ME Specification-ModerateRiskAversion__Cost-1__Fee-British__Starts-50 -stagecostlight-Eq6
[434/517] CS004ME Specification-ModerateRiskAversion__Cost-1__Fee-British__Starts-50 -stagecostdark-Eq5
[435/517] CS004ME Specification-ModerateRiskAversion__Cost-1__Fee-British__Starts-50 -offers-Eq5
[436/517] CS004ME Specification-ModerateRiskAversion__Cost-1__Fee-British__Starts-50 -fileans-Eq6
[437/517] CS004ME Specification-ModerateRiskAversion__Cost-1__Fee-British__Starts-50 -costbreakdownlight-Eq7
[438/517] CS004ME Specification-ModerateRiskAversion__Cost-1__Fee-British__Starts-50 -costbreakdowndark-Eq6
[439/517] CS004ME Specification-ModerateRiskAversion__Cost-1__Fee-British__Starts-50 -fileans-Eq7
[440/517] CS004ME Specification-ModerateRiskAversion__Cost-1__Fee-British__Starts-50 -costbreakdownlight-Eq8
[441/517] CS004ME Specification-ModerateRiskAversion__Cost-1__Fee-British__Starts-50 -stagecostlight-Eq7
[442/517] CS004ME Specification-ModerateRiskAversion__Cost-1__Fee-British__Starts-50 -stagecostlight-Eq8
[443/517] CS004ME Specification-ModerateRiskAversion__Cost-1__Fee-British__Starts-50 -offers-Eq6
[444/517] CS004ME Specification-ModerateRiskAversion__Cost-1__Fee-British__Starts-50 -costbreakdowndark-Eq7
[445/517] CS004ME Specification-ModerateRiskAversion__Cost-1__Fee-British__Starts-50 -stagecostdark-Eq6
[446/517] CS004ME Specification-ModerateRiskAversion__Cost-1__Fee-British__Starts-50 -stagecostdark-Eq7
[447/517] CS004ME Specification-ModerateRiskAversion__Cost-1__Fee-British__Starts-50 -costbreakdownlight-Eq9
[448/517] CS004ME Specification-ModerateRiskAversion__Cost-1__Fee-British__Starts-50 -fileans-Eq8
[449/517] CS004ME Specification-ModerateRiskAversion__Cost-1__Fee-British__Starts-50 -offers-Eq7
[450/517] CS004ME Specification-ModerateRiskAversion__Cost-1__Fee-British__Starts-50 -costbreakdowndark-Eq8
[451/517] CS004ME Specification-ModerateRiskAversion__Cost-1__Fee-British__Starts-50 -stagecostlight-Eq9
[452/517] CS004ME Specification-ModerateRiskAversion__Cost-1__Fee-British__Starts-50 -offers-Eq8
[453/517] CS004ME Specification-ModerateRiskAversion__Cost-1__Fee-British__Starts-50 -costbreakdowndark-Eq9
[454/517] CS004ME Specification-ModerateRiskAversion__Cost-1__Fee-British__Starts-50 -stagecostdark-Eq8
[455/517] CS004ME Specification-ModerateRiskAversion__Cost-1__Fee-British__Starts-50 -fileans-Eq9
[456/517] CS004ME Specification-ModerateRiskAversion__Cost-1__Fee-British__Starts-50 -costbreakdownlight-Eq10
[457/517] CS004ME Specification-ModerateRiskAversion__Cost-1__Fee-British__Starts-50 -offers-Eq9
[458/517] CS004ME Specification-ModerateRiskAversion__Cost-1__Fee-British__Starts-50 -stagecostdark-Eq9
[459/517] CS004ME Specification-ModerateRiskAversion__Cost-1__Fee-British__Starts-50 -costbreakdownlight-Eq11
[460/517] CS004ME Specification-ModerateRiskAversion__Cost-1__Fee-British__Starts-50 -fileans-Eq10
[461/517] CS004ME Specification-ModerateRiskAversion__Cost-1__Fee-British__Starts-50 -stagecostlight-Eq10
[462/517] CS004ME Specification-ModerateRiskAversion__Cost-1__Fee-British__Starts-50 -stagecostdark-Eq10
[463/517] CS004ME Specification-ModerateRiskAversion__Cost-1__Fee-British__Starts-50 -costbreakdowndark-Eq11
[464/517] CS004ME Specification-ModerateRiskAversion__Cost-1__Fee-British__Starts-50 -stagecostlight-Eq11
[465/517] CS004ME Specification-ModerateRiskAversion__Cost-1__Fee-British__Starts-50 -costbreakdowndark-Eq10
[466/517] CS004ME Specification-ModerateRiskAversion__Cost-1__Fee-British__Starts-50 -fileans-Eq11
[467/517] CS004ME Specification-ModerateRiskAversion__Cost-1__Fee-British__Starts-50 -costbreakdownlight-Eq12
[468/517] CS004ME Specification-ModerateRiskAversion__Cost-1__Fee-British__Starts-50 -offers-Eq10
[469/517] CS004ME Specification-ModerateRiskAversion__Cost-1__Fee-British__Starts-50 -stagecostlight-Eq12
[470/517] CS004ME Specification-ModerateRiskAversion__Cost-1__Fee-British__Starts-50 -fileans-Eq12
[471/517] CS004ME Specification-ModerateRiskAversion__Cost-1__Fee-British__Starts-50 -costbreakdownlight-Eq13
[472/517] CS004ME Specification-ModerateRiskAversion__Cost-1__Fee-British__Starts-50 -offers-Eq11
[473/517] CS004ME Specification-ModerateRiskAversion__Cost-1__Fee-British__Starts-50 -costbreakdowndark-Eq12
[474/517] CS004ME Specification-ModerateRiskAversion__Cost-1__Fee-British__Starts-50 -stagecostdark-Eq11
[475/517] CS004ME Specification-ModerateRiskAversion__Cost-1__Fee-British__Starts-50 -costbreakdownlight-Eq14
[476/517] CS004ME Specification-ModerateRiskAversion__Cost-1__Fee-British__Starts-50 -stagecostlight-Eq13
[477/517] CS004ME Specification-ModerateRiskAversion__Cost-1__Fee-British__Starts-50 -fileans-Eq13
[478/517] CS004ME Specification-ModerateRiskAversion__Cost-1__Fee-British__Starts-50 -offers-Eq12
[479/517] CS004ME Specification-ModerateRiskAversion__Cost-1__Fee-British__Starts-50 -costbreakdowndark-Eq13
[480/517] CS004ME Specification-ModerateRiskAversion__Cost-1__Fee-British__Starts-50 -stagecostdark-Eq12
[481/517] CS004ME Specification-ModerateRiskAversion__Cost-1__Fee-British__Starts-50 -stagecostlight-Eq14
[482/517] CS004ME Specification-ModerateRiskAversion__Cost-1__Fee-British__Starts-50 -costbreakdownlight-Eq15
[483/517] CS004ME Specification-ModerateRiskAversion__Cost-1__Fee-British__Starts-50 -costbreakdowndark-Eq14
[484/517] CS004ME Specification-ModerateRiskAversion__Cost-1__Fee-British__Starts-50 -fileans-Eq14
[485/517] CS004ME Specification-ModerateRiskAversion__Cost-1__Fee-British__Starts-50 -stagecostlight-Eq15
[486/517] CS004ME Specification-ModerateRiskAversion__Cost-1__Fee-British__Starts-50 -offers-Eq13
[487/517] CS004ME Specification-ModerateRiskAversion__Cost-1__Fee-British__Starts-50 -fileans-Eq15
[488/517] CS004ME Specification-ModerateRiskAversion__Cost-1__Fee-British__Starts-50 -stagecostdark-Eq13
[489/517] CS004ME Specification-ModerateRiskAversion__Cost-1__Fee-British__Starts-50 -costbreakdownlight-Eq16
[490/517] CS004ME Specification-ModerateRiskAversion__Cost-1__Fee-British__Starts-50 -offers-Eq14
[491/517] CS004ME Specification-ModerateRiskAversion__Cost-1__Fee-British__Starts-50 -stagecostdark-Eq14
[492/517] CS004ME Specification-ModerateRiskAversion__Cost-1__Fee-British__Starts-50 -costbreakdowndark-Eq15
[493/517] CS004ME Specification-ModerateRiskAversion__Cost-1__Fee-British__Starts-50 -costbreakdownlight-Eq17
[494/517] CS004ME Specification-ModerateRiskAversion__Cost-1__Fee-British__Starts-50 -costbreakdowndark-Eq16
[495/517] CS004ME Specification-ModerateRiskAversion__Cost-1__Fee-British__Starts-50 -offers-Eq15
[496/517] CS004ME Specification-ModerateRiskAversion__Cost-1__Fee-British__Starts-50 -stagecostlight-Eq16
[497/517] CS004ME Specification-ModerateRiskAversion__Cost-1__Fee-British__Starts-50 -fileans-Eq16
[498/517] CS004ME Specification-ModerateRiskAversion__Cost-1__Fee-British__Starts-50 -stagecostdark-Eq15
[499/517] CS004ME Specification-ModerateRiskAversion__Cost-1__Fee-British__Starts-50 -costbreakdownlight-Eq18
[500/517] CS004ME Specification-ModerateRiskAversion__Cost-1__Fee-British__Starts-50 -stagecostlight-Eq17
[501/517] CS004ME Specification-ModerateRiskAversion__Cost-1__Fee-British__Starts-50 -stagecostlight-Eq18
[502/517] CS004ME Specification-ModerateRiskAversion__Cost-1__Fee-British__Starts-50 -stagecostdark-Eq16
[503/517] CS004ME Specification-ModerateRiskAversion__Cost-1__Fee-British__Starts-50 -fileans-Eq17
[504/517] CS004ME Specification-ModerateRiskAversion__Cost-1__Fee-British__Starts-50 -stagecostdark-Eq17
[505/517] CS004ME Specification-ModerateRiskAversion__Cost-1__Fee-British__Starts-50 -costbreakdownlight-Eq19
[506/517] CS004ME Specification-ModerateRiskAversion__Cost-1__Fee-British__Starts-50 -offers-Eq16
[507/517] CS004ME Specification-ModerateRiskAversion__Cost-1__Fee-British__Starts-50 -costbreakdowndark-Eq17
[508/517] CS004ME Specification-ModerateRiskAversion__Cost-1__Fee-British__Starts-50 -fileans-Eq18
[509/517] CS004ME Specification-ModerateRiskAversion__Cost-1__Fee-British__Starts-50 -stagecostlight-Eq19
[510/517] CS004ME Specification-ModerateRiskAversion__Cost-1__Fee-British__Starts-50 -fileans-Eq19
[511/517] CS004ME Specification-ModerateRiskAversion__Cost-1__Fee-British__Starts-50 -costbreakdowndark-Eq18
[512/517] CS004ME Specification-ModerateRiskAversion__Cost-1__Fee-British__Starts-50 -offers-Eq17
[513/517] CS004ME Specification-ModerateRiskAversion__Cost-1__Fee-British__Starts-50 -offers-Eq18
[514/517] CS004ME Specification-ModerateRiskAversion__Cost-1__Fee-British__Starts-50 -stagecostdark-Eq18
[515/517] CS004ME Specification-ModerateRiskAversion__Cost-1__Fee-British__Starts-50 -offers-Eq19
[516/517] CS004ME Specification-ModerateRiskAversion__Cost-1__Fee-British__Starts-50 -costbreakdowndark-Eq19
[517/517] CS004ME Specification-ModerateRiskAversion__Cost-1__Fee-British__Starts-50 -stagecostdark-Eq19
Verified 6 scenarios, 85 profiles; generated 517 exhibits.
