Using SequenceForm
Game: LitigationGame: Specification-Baseline__Cost-1__Fee-American__Starts-50
CollapseChanceDecisions True
NumOffers 10   
NumPotentialBargainingRounds 1  BargainingRoundsSimultaneous True SimultaneousOffersUltimatelyRevealed True 
NumLiabilityStrengthPoints 2 NumLiabilitySignals 10 PLiabilityNoiseStdev 0.2 DLiabilityNoiseStdev 0.2 CourtLiabilityNoiseStdev 0.2 
NumDamagesStrengthPoints 1 NumDamagesSignals 1 PDamagesNoiseStdev 0.1 DDamagesNoiseStdev 0.1 CourtDamagesNoiseStdev 0.15 
SkipFileAndAnswerDecisions False AllowAbandonAndDefaults True PredeterminedAbandonAndDefaults True IncludeAgreementToBargainDecisions False DeltaOffersOptions N/A 
CostsMultiplier 1 PTrialCosts 0.15 DTrialCosts 0.15 PFilingCost 0.15 DAnswerCost 0.15 PerPartyCostsLeadingUpToBargainingRound 0 
LoserPays True Multiple 0 AfterAbandonment False Rule68 False Margin False (0.7)
PInitialWealth 10 DInitialWealth 10 
DamagesMin 0 DamagesMax 1 DamagesMultiplier 1
RegretAversion 0 
PUtilityCalculator Risk neutral DUtilityCalculator Risk neutral 
LitigGameDisputeGenerator LitigGameUniformQualityDisputeGenerator QualityDistribution=Uniform(0,1);TruthGivenQuality=Bernoulli(q);GaussLegendreOrder=64
WarmStartOptions NoWarmStart for  iterations
Initializing all game paths...
... Chance nodes 111 decision nodes 4900 (80 information sets) final nodes 40200 total nodes 45211 Initialization milliseconds 968
Prepping accelerated best response...
... 172 milliseconds. Chance nodes 111 decision nodes 4900 (80 information sets) final nodes 40200 total nodes 45211
Calculating min-max...
... complete 86 milliseconds
Audited 21 saved profiles for Specification-Baseline__Cost-1__Fee-American__Starts-50; no equilibrium searches performed.
Using SequenceForm
Game: LitigationGame: Specification-Baseline__Cost-1__Fee-British__ExitFees-AllUnilateralExits__Starts-50
CollapseChanceDecisions True
NumOffers 10   
NumPotentialBargainingRounds 1  BargainingRoundsSimultaneous True SimultaneousOffersUltimatelyRevealed True 
NumLiabilityStrengthPoints 2 NumLiabilitySignals 10 PLiabilityNoiseStdev 0.2 DLiabilityNoiseStdev 0.2 CourtLiabilityNoiseStdev 0.2 
NumDamagesStrengthPoints 1 NumDamagesSignals 1 PDamagesNoiseStdev 0.1 DDamagesNoiseStdev 0.1 CourtDamagesNoiseStdev 0.15 
SkipFileAndAnswerDecisions False AllowAbandonAndDefaults True PredeterminedAbandonAndDefaults True IncludeAgreementToBargainDecisions False DeltaOffersOptions N/A 
CostsMultiplier 1 PTrialCosts 0.15 DTrialCosts 0.15 PFilingCost 0.15 DAnswerCost 0.15 PerPartyCostsLeadingUpToBargainingRound 0 
LoserPays True Multiple 1 AfterAbandonment True Rule68 False Margin False (0.7)
PInitialWealth 10 DInitialWealth 10 
DamagesMin 0 DamagesMax 1 DamagesMultiplier 1
RegretAversion 0 
PUtilityCalculator Risk neutral DUtilityCalculator Risk neutral 
LitigGameDisputeGenerator LitigGameUniformQualityDisputeGenerator QualityDistribution=Uniform(0,1);TruthGivenQuality=Bernoulli(q);GaussLegendreOrder=64
WarmStartOptions NoWarmStart for  iterations
Initializing all game paths...
... Chance nodes 111 decision nodes 4900 (80 information sets) final nodes 40200 total nodes 45211 Initialization milliseconds 633
Prepping accelerated best response...
... 124 milliseconds. Chance nodes 111 decision nodes 4900 (80 information sets) final nodes 40200 total nodes 45211
Calculating min-max...
... complete 66 milliseconds
Audited 15 saved profiles for Specification-Baseline__Cost-1__Fee-British__ExitFees-AllUnilateralExits__Starts-50; no equilibrium searches performed.
Using SequenceForm
Game: LitigationGame: Specification-Baseline__Cost-1__Fee-British__Starts-50
CollapseChanceDecisions True
NumOffers 10   
NumPotentialBargainingRounds 1  BargainingRoundsSimultaneous True SimultaneousOffersUltimatelyRevealed True 
NumLiabilityStrengthPoints 2 NumLiabilitySignals 10 PLiabilityNoiseStdev 0.2 DLiabilityNoiseStdev 0.2 CourtLiabilityNoiseStdev 0.2 
NumDamagesStrengthPoints 1 NumDamagesSignals 1 PDamagesNoiseStdev 0.1 DDamagesNoiseStdev 0.1 CourtDamagesNoiseStdev 0.15 
SkipFileAndAnswerDecisions False AllowAbandonAndDefaults True PredeterminedAbandonAndDefaults True IncludeAgreementToBargainDecisions False DeltaOffersOptions N/A 
CostsMultiplier 1 PTrialCosts 0.15 DTrialCosts 0.15 PFilingCost 0.15 DAnswerCost 0.15 PerPartyCostsLeadingUpToBargainingRound 0 
LoserPays True Multiple 1 AfterAbandonment False Rule68 False Margin False (0.7)
PInitialWealth 10 DInitialWealth 10 
DamagesMin 0 DamagesMax 1 DamagesMultiplier 1
RegretAversion 0 
PUtilityCalculator Risk neutral DUtilityCalculator Risk neutral 
LitigGameDisputeGenerator LitigGameUniformQualityDisputeGenerator QualityDistribution=Uniform(0,1);TruthGivenQuality=Bernoulli(q);GaussLegendreOrder=64
WarmStartOptions NoWarmStart for  iterations
Initializing all game paths...
... Chance nodes 111 decision nodes 4900 (80 information sets) final nodes 40200 total nodes 45211 Initialization milliseconds 623
Prepping accelerated best response...
... 145 milliseconds. Chance nodes 111 decision nodes 4900 (80 information sets) final nodes 40200 total nodes 45211
Calculating min-max...
... complete 63 milliseconds
Audited 11 saved profiles for Specification-Baseline__Cost-1__Fee-British__Starts-50; no equilibrium searches performed.
Using SequenceForm
Game: LitigationGame: Specification-ModerateRiskAversion__Cost-1__Fee-American__Starts-50
CollapseChanceDecisions True
NumOffers 10   
NumPotentialBargainingRounds 1  BargainingRoundsSimultaneous True SimultaneousOffersUltimatelyRevealed True 
NumLiabilityStrengthPoints 2 NumLiabilitySignals 10 PLiabilityNoiseStdev 0.2 DLiabilityNoiseStdev 0.2 CourtLiabilityNoiseStdev 0.2 
NumDamagesStrengthPoints 1 NumDamagesSignals 1 PDamagesNoiseStdev 0.1 DDamagesNoiseStdev 0.1 CourtDamagesNoiseStdev 0.15 
SkipFileAndAnswerDecisions False AllowAbandonAndDefaults True PredeterminedAbandonAndDefaults True IncludeAgreementToBargainDecisions False DeltaOffersOptions N/A 
CostsMultiplier 1 PTrialCosts 0.15 DTrialCosts 0.15 PFilingCost 0.15 DAnswerCost 0.15 PerPartyCostsLeadingUpToBargainingRound 0 
LoserPays True Multiple 0 AfterAbandonment False Rule68 False Margin False (0.7)
PInitialWealth 10 DInitialWealth 10 
DamagesMin 0 DamagesMax 1 DamagesMultiplier 1
RegretAversion 0 
PUtilityCalculator CARA Alpha=2 DUtilityCalculator CARA Alpha=2 
LitigGameDisputeGenerator LitigGameUniformQualityDisputeGenerator QualityDistribution=Uniform(0,1);TruthGivenQuality=Bernoulli(q);GaussLegendreOrder=64
WarmStartOptions NoWarmStart for  iterations
Initializing all game paths...
... Chance nodes 111 decision nodes 4900 (80 information sets) final nodes 40200 total nodes 45211 Initialization milliseconds 602
Prepping accelerated best response...
... 116 milliseconds. Chance nodes 111 decision nodes 4900 (80 information sets) final nodes 40200 total nodes 45211
Calculating min-max...
... complete 61 milliseconds
Audited 12 saved profiles for Specification-ModerateRiskAversion__Cost-1__Fee-American__Starts-50; no equilibrium searches performed.
Using SequenceForm
Game: LitigationGame: Specification-ModerateRiskAversion__Cost-1__Fee-British__ExitFees-AllUnilateralExits__Starts-50
CollapseChanceDecisions True
NumOffers 10   
NumPotentialBargainingRounds 1  BargainingRoundsSimultaneous True SimultaneousOffersUltimatelyRevealed True 
NumLiabilityStrengthPoints 2 NumLiabilitySignals 10 PLiabilityNoiseStdev 0.2 DLiabilityNoiseStdev 0.2 CourtLiabilityNoiseStdev 0.2 
NumDamagesStrengthPoints 1 NumDamagesSignals 1 PDamagesNoiseStdev 0.1 DDamagesNoiseStdev 0.1 CourtDamagesNoiseStdev 0.15 
SkipFileAndAnswerDecisions False AllowAbandonAndDefaults True PredeterminedAbandonAndDefaults True IncludeAgreementToBargainDecisions False DeltaOffersOptions N/A 
CostsMultiplier 1 PTrialCosts 0.15 DTrialCosts 0.15 PFilingCost 0.15 DAnswerCost 0.15 PerPartyCostsLeadingUpToBargainingRound 0 
LoserPays True Multiple 1 AfterAbandonment True Rule68 False Margin False (0.7)
PInitialWealth 10 DInitialWealth 10 
DamagesMin 0 DamagesMax 1 DamagesMultiplier 1
RegretAversion 0 
PUtilityCalculator CARA Alpha=2 DUtilityCalculator CARA Alpha=2 
LitigGameDisputeGenerator LitigGameUniformQualityDisputeGenerator QualityDistribution=Uniform(0,1);TruthGivenQuality=Bernoulli(q);GaussLegendreOrder=64
WarmStartOptions NoWarmStart for  iterations
Initializing all game paths...
... Chance nodes 111 decision nodes 4900 (80 information sets) final nodes 40200 total nodes 45211 Initialization milliseconds 660
Prepping accelerated best response...
... 161 milliseconds. Chance nodes 111 decision nodes 4900 (80 information sets) final nodes 40200 total nodes 45211
Calculating min-max...
... complete 59 milliseconds
Audited 7 saved profiles for Specification-ModerateRiskAversion__Cost-1__Fee-British__ExitFees-AllUnilateralExits__Starts-50; no equilibrium searches performed.
Using SequenceForm
Game: LitigationGame: Specification-ModerateRiskAversion__Cost-1__Fee-British__Starts-50
CollapseChanceDecisions True
NumOffers 10   
NumPotentialBargainingRounds 1  BargainingRoundsSimultaneous True SimultaneousOffersUltimatelyRevealed True 
NumLiabilityStrengthPoints 2 NumLiabilitySignals 10 PLiabilityNoiseStdev 0.2 DLiabilityNoiseStdev 0.2 CourtLiabilityNoiseStdev 0.2 
NumDamagesStrengthPoints 1 NumDamagesSignals 1 PDamagesNoiseStdev 0.1 DDamagesNoiseStdev 0.1 CourtDamagesNoiseStdev 0.15 
SkipFileAndAnswerDecisions False AllowAbandonAndDefaults True PredeterminedAbandonAndDefaults True IncludeAgreementToBargainDecisions False DeltaOffersOptions N/A 
CostsMultiplier 1 PTrialCosts 0.15 DTrialCosts 0.15 PFilingCost 0.15 DAnswerCost 0.15 PerPartyCostsLeadingUpToBargainingRound 0 
LoserPays True Multiple 1 AfterAbandonment False Rule68 False Margin False (0.7)
PInitialWealth 10 DInitialWealth 10 
DamagesMin 0 DamagesMax 1 DamagesMultiplier 1
RegretAversion 0 
PUtilityCalculator CARA Alpha=2 DUtilityCalculator CARA Alpha=2 
LitigGameDisputeGenerator LitigGameUniformQualityDisputeGenerator QualityDistribution=Uniform(0,1);TruthGivenQuality=Bernoulli(q);GaussLegendreOrder=64
WarmStartOptions NoWarmStart for  iterations
Initializing all game paths...
... Chance nodes 111 decision nodes 4900 (80 information sets) final nodes 40200 total nodes 45211 Initialization milliseconds 600
Prepping accelerated best response...
... 112 milliseconds. Chance nodes 111 decision nodes 4900 (80 information sets) final nodes 40200 total nodes 45211
Calculating min-max...
... complete 57 milliseconds
Audited 19 saved profiles for Specification-ModerateRiskAversion__Cost-1__Fee-British__Starts-50; no equilibrium searches performed.
[1/517] cost-1-disposition-ranges
[2/517] cost-1-equilibrium-recoveries
[3/517] cost-1-welfare-outcome-ranges
[4/517] cost-1-welfare-outcome-ranges
[5/517] cost-1-welfare-outcome-ranges
[6/517] cost-1-disposition-ranges
[7/517] cost-1-disposition-ranges
[8/517] CS004ME Specification-Baseline__Cost-1__Fee-American__Starts-50 -costbreakdowndark-Eq1
[9/517] CS004ME Specification-Baseline__Cost-1__Fee-American__Starts-50 -costbreakdowndark-Eq16
[10/517] CS004ME Specification-Baseline__Cost-1__Fee-American__Starts-50 -costbreakdownlight-Eq12
[11/517] CS004ME Specification-Baseline__Cost-1__Fee-American__Starts-50 -costbreakdownlight-Eq16
[12/517] CS004ME Specification-Baseline__Cost-1__Fee-American__Starts-50 -costbreakdownlight-Eq13
[13/517] CS004ME Specification-Baseline__Cost-1__Fee-American__Starts-50 -costbreakdownlight-Eq17
[14/517] CS004ME Specification-Baseline__Cost-1__Fee-American__Starts-50 -costbreakdownlight-Eq1
[15/517] CS004ME Specification-Baseline__Cost-1__Fee-American__Starts-50 -costbreakdownlight-Eq19
[16/517] CS004ME Specification-Baseline__Cost-1__Fee-American__Starts-50 -costbreakdownlight-Eq11
[17/517] CS004ME Specification-Baseline__Cost-1__Fee-American__Starts-50 -costbreakdowndark-Eq21
[18/517] CS004ME Specification-Baseline__Cost-1__Fee-American__Starts-50 -costbreakdowndark-Eq9
[19/517] CS004ME Specification-Baseline__Cost-1__Fee-American__Starts-50 -costbreakdowndark-Eq5
[20/517] CS004ME Specification-Baseline__Cost-1__Fee-American__Starts-50 -costbreakdowndark-Eq2
[21/517] CS004ME Specification-Baseline__Cost-1__Fee-American__Starts-50 -costbreakdowndark-Eq12
[22/517] CS004ME Specification-Baseline__Cost-1__Fee-American__Starts-50 -costbreakdowndark-Eq17
[23/517] CS004ME Specification-Baseline__Cost-1__Fee-American__Starts-50 -costbreakdowndark-Eq4
[24/517] CS004ME Specification-Baseline__Cost-1__Fee-American__Starts-50 -costbreakdowndark-Eq8
[25/517] CS004ME Specification-Baseline__Cost-1__Fee-American__Starts-50 -costbreakdowndark-Eq14
[26/517] CS004ME Specification-Baseline__Cost-1__Fee-American__Starts-50 -costbreakdowndark-Eq11
[27/517] CS004ME Specification-Baseline__Cost-1__Fee-American__Starts-50 -costbreakdowndark-Eq19
[28/517] CS004ME Specification-Baseline__Cost-1__Fee-American__Starts-50 -costbreakdowndark-Eq20
[29/517] CS004ME Specification-Baseline__Cost-1__Fee-American__Starts-50 -costbreakdowndark-Eq13
[30/517] CS004ME Specification-Baseline__Cost-1__Fee-American__Starts-50 -costbreakdowndark-Eq10
[31/517] CS004ME Specification-Baseline__Cost-1__Fee-American__Starts-50 -costbreakdownlight-Eq20
[32/517] CS004ME Specification-Baseline__Cost-1__Fee-American__Starts-50 -costbreakdownlight-Eq14
[33/517] CS004ME Specification-Baseline__Cost-1__Fee-American__Starts-50 -costbreakdownlight-Eq2
[34/517] CS004ME Specification-Baseline__Cost-1__Fee-American__Starts-50 -costbreakdownlight-Eq15
[35/517] CS004ME Specification-Baseline__Cost-1__Fee-American__Starts-50 -costbreakdownlight-Eq10
[36/517] CS004ME Specification-Baseline__Cost-1__Fee-American__Starts-50 -costbreakdownlight-Eq18
[37/517] CS004ME Specification-Baseline__Cost-1__Fee-American__Starts-50 -costbreakdowndark-Eq3
[38/517] CS004ME Specification-Baseline__Cost-1__Fee-American__Starts-50 -costbreakdownlight-Eq21
[39/517] CS004ME Specification-Baseline__Cost-1__Fee-American__Starts-50 -costbreakdowndark-Eq7
[40/517] CS004ME Specification-Baseline__Cost-1__Fee-American__Starts-50 -costbreakdowndark-Eq6
[41/517] CS004ME Specification-Baseline__Cost-1__Fee-American__Starts-50 -costbreakdowndark-Eq15
[42/517] CS004ME Specification-Baseline__Cost-1__Fee-American__Starts-50 -costbreakdowndark-Eq18
[43/517] CS004ME Specification-Baseline__Cost-1__Fee-American__Starts-50 -costbreakdownlight-Eq3
[44/517] CS004ME Specification-Baseline__Cost-1__Fee-American__Starts-50 -costbreakdownlight-Eq6
[45/517] CS004ME Specification-Baseline__Cost-1__Fee-American__Starts-50 -costbreakdownlight-Eq4
[46/517] CS004ME Specification-Baseline__Cost-1__Fee-American__Starts-50 -fileans-Eq16
[47/517] CS004ME Specification-Baseline__Cost-1__Fee-American__Starts-50 -costbreakdownlight-Eq5
[48/517] CS004ME Specification-Baseline__Cost-1__Fee-American__Starts-50 -fileans-Eq11
[49/517] CS004ME Specification-Baseline__Cost-1__Fee-American__Starts-50 -fileans-Eq1
[50/517] CS004ME Specification-Baseline__Cost-1__Fee-American__Starts-50 -costbreakdownlight-Eq8
[51/517] CS004ME Specification-Baseline__Cost-1__Fee-American__Starts-50 -fileans-Eq15
[52/517] CS004ME Specification-Baseline__Cost-1__Fee-American__Starts-50 -fileans-Eq14
[53/517] CS004ME Specification-Baseline__Cost-1__Fee-American__Starts-50 -fileans-Eq13
[54/517] CS004ME Specification-Baseline__Cost-1__Fee-American__Starts-50 -fileans-Eq17
[55/517] CS004ME Specification-Baseline__Cost-1__Fee-American__Starts-50 -fileans-Eq18
[56/517] CS004ME Specification-Baseline__Cost-1__Fee-American__Starts-50 -costbreakdownlight-Eq9
[57/517] CS004ME Specification-Baseline__Cost-1__Fee-American__Starts-50 -fileans-Eq12
[58/517] CS004ME Specification-Baseline__Cost-1__Fee-American__Starts-50 -fileans-Eq10
[59/517] CS004ME Specification-Baseline__Cost-1__Fee-American__Starts-50 -costbreakdownlight-Eq7
[60/517] CS004ME Specification-Baseline__Cost-1__Fee-American__Starts-50 -fileans-Eq20
[61/517] CS004ME Specification-Baseline__Cost-1__Fee-American__Starts-50 -fileans-Eq2
[62/517] CS004ME Specification-Baseline__Cost-1__Fee-American__Starts-50 -fileans-Eq6
[63/517] CS004ME Specification-Baseline__Cost-1__Fee-American__Starts-50 -fileans-Eq8
[64/517] CS004ME Specification-Baseline__Cost-1__Fee-American__Starts-50 -fileans-Eq4
[65/517] CS004ME Specification-Baseline__Cost-1__Fee-American__Starts-50 -fileans-Eq9
[66/517] CS004ME Specification-Baseline__Cost-1__Fee-American__Starts-50 -fileans-Eq7
[67/517] CS004ME Specification-Baseline__Cost-1__Fee-American__Starts-50 -fileans-Eq19
[68/517] CS004ME Specification-Baseline__Cost-1__Fee-American__Starts-50 -fileans-Eq21
[69/517] CS004ME Specification-Baseline__Cost-1__Fee-American__Starts-50 -fileans-Eq5
[70/517] CS004ME Specification-Baseline__Cost-1__Fee-American__Starts-50 -fileans-Eq3
[71/517] CS004ME Specification-Baseline__Cost-1__Fee-American__Starts-50 -offers-Eq10
[72/517] CS004ME Specification-Baseline__Cost-1__Fee-American__Starts-50 -offers-Eq11
[73/517] CS004ME Specification-Baseline__Cost-1__Fee-American__Starts-50 -offers-Eq1
[74/517] CS004ME Specification-Baseline__Cost-1__Fee-American__Starts-50 -offers-Eq12
[75/517] CS004ME Specification-Baseline__Cost-1__Fee-American__Starts-50 -stagecostdark-Eq1
[76/517] CS004ME Specification-Baseline__Cost-1__Fee-American__Starts-50 -offers-Eq13
[77/517] CS004ME Specification-Baseline__Cost-1__Fee-American__Starts-50 -offers-Eq14
[78/517] CS004ME Specification-Baseline__Cost-1__Fee-American__Starts-50 -offers-Eq5
[79/517] CS004ME Specification-Baseline__Cost-1__Fee-American__Starts-50 -offers-Eq19
[80/517] CS004ME Specification-Baseline__Cost-1__Fee-American__Starts-50 -offers-Eq15
[81/517] CS004ME Specification-Baseline__Cost-1__Fee-American__Starts-50 -offers-Eq3
[82/517] CS004ME Specification-Baseline__Cost-1__Fee-American__Starts-50 -offers-Eq20
[83/517] CS004ME Specification-Baseline__Cost-1__Fee-American__Starts-50 -offers-Eq2
[84/517] CS004ME Specification-Baseline__Cost-1__Fee-American__Starts-50 -offers-Eq18
[85/517] CS004ME Specification-Baseline__Cost-1__Fee-American__Starts-50 -offers-Eq4
[86/517] CS004ME Specification-Baseline__Cost-1__Fee-American__Starts-50 -offers-Eq17
[87/517] CS004ME Specification-Baseline__Cost-1__Fee-American__Starts-50 -offers-Eq16
[88/517] CS004ME Specification-Baseline__Cost-1__Fee-American__Starts-50 -offers-Eq8
[89/517] CS004ME Specification-Baseline__Cost-1__Fee-American__Starts-50 -stagecostdark-Eq10
[90/517] CS004ME Specification-Baseline__Cost-1__Fee-American__Starts-50 -offers-Eq7
[91/517] CS004ME Specification-Baseline__Cost-1__Fee-American__Starts-50 -offers-Eq21
[92/517] CS004ME Specification-Baseline__Cost-1__Fee-American__Starts-50 -stagecostdark-Eq12
[93/517] CS004ME Specification-Baseline__Cost-1__Fee-American__Starts-50 -offers-Eq6
[94/517] CS004ME Specification-Baseline__Cost-1__Fee-American__Starts-50 -stagecostdark-Eq17
[95/517] CS004ME Specification-Baseline__Cost-1__Fee-American__Starts-50 -stagecostdark-Eq19
[96/517] CS004ME Specification-Baseline__Cost-1__Fee-American__Starts-50 -stagecostdark-Eq14
[97/517] CS004ME Specification-Baseline__Cost-1__Fee-American__Starts-50 -stagecostdark-Eq11
[98/517] CS004ME Specification-Baseline__Cost-1__Fee-American__Starts-50 -stagecostdark-Eq15
[99/517] CS004ME Specification-Baseline__Cost-1__Fee-American__Starts-50 -stagecostdark-Eq13
[100/517] CS004ME Specification-Baseline__Cost-1__Fee-American__Starts-50 -offers-Eq9
[101/517] CS004ME Specification-Baseline__Cost-1__Fee-American__Starts-50 -stagecostdark-Eq16
[102/517] CS004ME Specification-Baseline__Cost-1__Fee-American__Starts-50 -stagecostdark-Eq18
[103/517] CS004ME Specification-Baseline__Cost-1__Fee-American__Starts-50 -stagecostdark-Eq21
[104/517] CS004ME Specification-Baseline__Cost-1__Fee-American__Starts-50 -stagecostdark-Eq20
[105/517] CS004ME Specification-Baseline__Cost-1__Fee-American__Starts-50 -stagecostlight-Eq1
[106/517] CS004ME Specification-Baseline__Cost-1__Fee-American__Starts-50 -stagecostlight-Eq11
[107/517] CS004ME Specification-Baseline__Cost-1__Fee-American__Starts-50 -stagecostlight-Eq10
[108/517] CS004ME Specification-Baseline__Cost-1__Fee-American__Starts-50 -stagecostdark-Eq2
[109/517] CS004ME Specification-Baseline__Cost-1__Fee-American__Starts-50 -stagecostlight-Eq17
[110/517] CS004ME Specification-Baseline__Cost-1__Fee-American__Starts-50 -stagecostlight-Eq18
[111/517] CS004ME Specification-Baseline__Cost-1__Fee-American__Starts-50 -stagecostlight-Eq2
[112/517] CS004ME Specification-Baseline__Cost-1__Fee-American__Starts-50 -stagecostdark-Eq3
[113/517] CS004ME Specification-Baseline__Cost-1__Fee-American__Starts-50 -stagecostlight-Eq19
[114/517] CS004ME Specification-Baseline__Cost-1__Fee-American__Starts-50 -stagecostdark-Eq4
[115/517] CS004ME Specification-Baseline__Cost-1__Fee-American__Starts-50 -stagecostdark-Eq6
[116/517] CS004ME Specification-Baseline__Cost-1__Fee-American__Starts-50 -stagecostdark-Eq8
[117/517] CS004ME Specification-Baseline__Cost-1__Fee-American__Starts-50 -stagecostdark-Eq5
[118/517] CS004ME Specification-Baseline__Cost-1__Fee-American__Starts-50 -stagecostdark-Eq9
[119/517] CS004ME Specification-Baseline__Cost-1__Fee-American__Starts-50 -stagecostlight-Eq14
[120/517] CS004ME Specification-Baseline__Cost-1__Fee-American__Starts-50 -stagecostdark-Eq7
[121/517] CS004ME Specification-Baseline__Cost-1__Fee-American__Starts-50 -stagecostlight-Eq15
[122/517] CS004ME Specification-Baseline__Cost-1__Fee-American__Starts-50 -stagecostlight-Eq13
[123/517] CS004ME Specification-Baseline__Cost-1__Fee-American__Starts-50 -stagecostlight-Eq16
[124/517] CS004ME Specification-Baseline__Cost-1__Fee-American__Starts-50 -stagecostlight-Eq12
[125/517] CS004ME Specification-Baseline__Cost-1__Fee-American__Starts-50 -stagecostlight-Eq20
[126/517] CS004ME Specification-Baseline__Cost-1__Fee-American__Starts-50 -stagecostlight-Eq5
[127/517] CS004ME Specification-Baseline__Cost-1__Fee-American__Starts-50 -stagecostlight-Eq3
[128/517] CS004ME Specification-Baseline__Cost-1__Fee-American__Starts-50 -stagecostlight-Eq6
[129/517] CS004ME Specification-Baseline__Cost-1__Fee-American__Starts-50 -stagecostlight-Eq4
[130/517] CS004ME Specification-Baseline__Cost-1__Fee-American__Starts-50 -stagecostlight-Eq21
[131/517] CS004ME Specification-Baseline__Cost-1__Fee-American__Starts-50 -stagecostlight-Eq8
[132/517] CS004ME Specification-Baseline__Cost-1__Fee-American__Starts-50 -stagecostlight-Eq9
[133/517] CS004ME Specification-Baseline__Cost-1__Fee-American__Starts-50 -stagecostlight-Eq7
[134/517] CS004ME Specification-Baseline__Cost-1__Fee-British__ExitFees-AllUnilateralExits__Starts-50 -costbreakdowndark-Eq10
[135/517] CS004ME Specification-Baseline__Cost-1__Fee-British__ExitFees-AllUnilateralExits__Starts-50 -costbreakdowndark-Eq12
[136/517] CS004ME Specification-Baseline__Cost-1__Fee-British__ExitFees-AllUnilateralExits__Starts-50 -costbreakdowndark-Eq1
[137/517] CS004ME Specification-Baseline__Cost-1__Fee-British__ExitFees-AllUnilateralExits__Starts-50 -costbreakdowndark-Eq15
[138/517] CS004ME Specification-Baseline__Cost-1__Fee-British__ExitFees-AllUnilateralExits__Starts-50 -costbreakdowndark-Eq11
[139/517] CS004ME Specification-Baseline__Cost-1__Fee-British__ExitFees-AllUnilateralExits__Starts-50 -costbreakdowndark-Eq13
[140/517] CS004ME Specification-Baseline__Cost-1__Fee-British__ExitFees-AllUnilateralExits__Starts-50 -costbreakdowndark-Eq14
[141/517] CS004ME Specification-Baseline__Cost-1__Fee-British__ExitFees-AllUnilateralExits__Starts-50 -costbreakdowndark-Eq3
[142/517] CS004ME Specification-Baseline__Cost-1__Fee-British__ExitFees-AllUnilateralExits__Starts-50 -costbreakdownlight-Eq10
[143/517] CS004ME Specification-Baseline__Cost-1__Fee-British__ExitFees-AllUnilateralExits__Starts-50 -costbreakdownlight-Eq11
[144/517] CS004ME Specification-Baseline__Cost-1__Fee-British__ExitFees-AllUnilateralExits__Starts-50 -costbreakdownlight-Eq12
[145/517] CS004ME Specification-Baseline__Cost-1__Fee-British__ExitFees-AllUnilateralExits__Starts-50 -costbreakdownlight-Eq1
[146/517] CS004ME Specification-Baseline__Cost-1__Fee-British__ExitFees-AllUnilateralExits__Starts-50 -costbreakdownlight-Eq14
[147/517] CS004ME Specification-Baseline__Cost-1__Fee-British__ExitFees-AllUnilateralExits__Starts-50 -costbreakdowndark-Eq6
[148/517] CS004ME Specification-Baseline__Cost-1__Fee-British__ExitFees-AllUnilateralExits__Starts-50 -costbreakdowndark-Eq4
[149/517] CS004ME Specification-Baseline__Cost-1__Fee-British__ExitFees-AllUnilateralExits__Starts-50 -costbreakdowndark-Eq7
[150/517] CS004ME Specification-Baseline__Cost-1__Fee-British__ExitFees-AllUnilateralExits__Starts-50 -costbreakdownlight-Eq3
[151/517] CS004ME Specification-Baseline__Cost-1__Fee-British__ExitFees-AllUnilateralExits__Starts-50 -costbreakdowndark-Eq5
[152/517] CS004ME Specification-Baseline__Cost-1__Fee-British__ExitFees-AllUnilateralExits__Starts-50 -costbreakdownlight-Eq15
[153/517] CS004ME Specification-Baseline__Cost-1__Fee-British__ExitFees-AllUnilateralExits__Starts-50 -costbreakdownlight-Eq4
[154/517] CS004ME Specification-Baseline__Cost-1__Fee-British__ExitFees-AllUnilateralExits__Starts-50 -costbreakdownlight-Eq5
[155/517] CS004ME Specification-Baseline__Cost-1__Fee-British__ExitFees-AllUnilateralExits__Starts-50 -costbreakdownlight-Eq7
[156/517] CS004ME Specification-Baseline__Cost-1__Fee-British__ExitFees-AllUnilateralExits__Starts-50 -costbreakdownlight-Eq13
[157/517] CS004ME Specification-Baseline__Cost-1__Fee-British__ExitFees-AllUnilateralExits__Starts-50 -costbreakdownlight-Eq8
[158/517] CS004ME Specification-Baseline__Cost-1__Fee-British__ExitFees-AllUnilateralExits__Starts-50 -costbreakdowndark-Eq9
[159/517] CS004ME Specification-Baseline__Cost-1__Fee-British__ExitFees-AllUnilateralExits__Starts-50 -costbreakdownlight-Eq2
[160/517] CS004ME Specification-Baseline__Cost-1__Fee-British__ExitFees-AllUnilateralExits__Starts-50 -costbreakdowndark-Eq2
[161/517] CS004ME Specification-Baseline__Cost-1__Fee-British__ExitFees-AllUnilateralExits__Starts-50 -costbreakdowndark-Eq8
[162/517] CS004ME Specification-Baseline__Cost-1__Fee-British__ExitFees-AllUnilateralExits__Starts-50 -costbreakdownlight-Eq9
[163/517] CS004ME Specification-Baseline__Cost-1__Fee-British__ExitFees-AllUnilateralExits__Starts-50 -fileans-Eq2
[164/517] CS004ME Specification-Baseline__Cost-1__Fee-British__ExitFees-AllUnilateralExits__Starts-50 -fileans-Eq10
[165/517] CS004ME Specification-Baseline__Cost-1__Fee-British__ExitFees-AllUnilateralExits__Starts-50 -fileans-Eq1
[166/517] CS004ME Specification-Baseline__Cost-1__Fee-British__ExitFees-AllUnilateralExits__Starts-50 -fileans-Eq12
[167/517] CS004ME Specification-Baseline__Cost-1__Fee-British__ExitFees-AllUnilateralExits__Starts-50 -fileans-Eq14
[168/517] CS004ME Specification-Baseline__Cost-1__Fee-British__ExitFees-AllUnilateralExits__Starts-50 -fileans-Eq15
[169/517] CS004ME Specification-Baseline__Cost-1__Fee-British__ExitFees-AllUnilateralExits__Starts-50 -costbreakdownlight-Eq6
[170/517] CS004ME Specification-Baseline__Cost-1__Fee-British__ExitFees-AllUnilateralExits__Starts-50 -fileans-Eq11
[171/517] CS004ME Specification-Baseline__Cost-1__Fee-British__ExitFees-AllUnilateralExits__Starts-50 -fileans-Eq8
[172/517] CS004ME Specification-Baseline__Cost-1__Fee-British__ExitFees-AllUnilateralExits__Starts-50 -fileans-Eq13
[173/517] CS004ME Specification-Baseline__Cost-1__Fee-British__ExitFees-AllUnilateralExits__Starts-50 -fileans-Eq4
[174/517] CS004ME Specification-Baseline__Cost-1__Fee-British__ExitFees-AllUnilateralExits__Starts-50 -fileans-Eq5
[175/517] CS004ME Specification-Baseline__Cost-1__Fee-British__ExitFees-AllUnilateralExits__Starts-50 -fileans-Eq6
[176/517] CS004ME Specification-Baseline__Cost-1__Fee-British__ExitFees-AllUnilateralExits__Starts-50 -fileans-Eq7
[177/517] CS004ME Specification-Baseline__Cost-1__Fee-British__ExitFees-AllUnilateralExits__Starts-50 -fileans-Eq9
[178/517] CS004ME Specification-Baseline__Cost-1__Fee-British__ExitFees-AllUnilateralExits__Starts-50 -fileans-Eq3
[179/517] CS004ME Specification-Baseline__Cost-1__Fee-British__ExitFees-AllUnilateralExits__Starts-50 -offers-Eq10
[180/517] CS004ME Specification-Baseline__Cost-1__Fee-British__ExitFees-AllUnilateralExits__Starts-50 -offers-Eq13
[181/517] CS004ME Specification-Baseline__Cost-1__Fee-British__ExitFees-AllUnilateralExits__Starts-50 -offers-Eq1
[182/517] CS004ME Specification-Baseline__Cost-1__Fee-British__ExitFees-AllUnilateralExits__Starts-50 -offers-Eq15
[183/517] CS004ME Specification-Baseline__Cost-1__Fee-British__ExitFees-AllUnilateralExits__Starts-50 -offers-Eq12
[184/517] CS004ME Specification-Baseline__Cost-1__Fee-British__ExitFees-AllUnilateralExits__Starts-50 -offers-Eq14
[185/517] CS004ME Specification-Baseline__Cost-1__Fee-British__ExitFees-AllUnilateralExits__Starts-50 -offers-Eq6
[186/517] CS004ME Specification-Baseline__Cost-1__Fee-British__ExitFees-AllUnilateralExits__Starts-50 -offers-Eq5
[187/517] CS004ME Specification-Baseline__Cost-1__Fee-British__ExitFees-AllUnilateralExits__Starts-50 -offers-Eq11
[188/517] CS004ME Specification-Baseline__Cost-1__Fee-British__ExitFees-AllUnilateralExits__Starts-50 -offers-Eq3
[189/517] CS004ME Specification-Baseline__Cost-1__Fee-British__ExitFees-AllUnilateralExits__Starts-50 -offers-Eq7
[190/517] CS004ME Specification-Baseline__Cost-1__Fee-British__ExitFees-AllUnilateralExits__Starts-50 -offers-Eq2
[191/517] CS004ME Specification-Baseline__Cost-1__Fee-British__ExitFees-AllUnilateralExits__Starts-50 -offers-Eq4
[192/517] CS004ME Specification-Baseline__Cost-1__Fee-British__ExitFees-AllUnilateralExits__Starts-50 -stagecostdark-Eq1
[193/517] CS004ME Specification-Baseline__Cost-1__Fee-British__ExitFees-AllUnilateralExits__Starts-50 -stagecostdark-Eq11
[194/517] CS004ME Specification-Baseline__Cost-1__Fee-British__ExitFees-AllUnilateralExits__Starts-50 -stagecostdark-Eq10
[195/517] CS004ME Specification-Baseline__Cost-1__Fee-British__ExitFees-AllUnilateralExits__Starts-50 -offers-Eq9
[196/517] CS004ME Specification-Baseline__Cost-1__Fee-British__ExitFees-AllUnilateralExits__Starts-50 -stagecostdark-Eq2
[197/517] CS004ME Specification-Baseline__Cost-1__Fee-British__ExitFees-AllUnilateralExits__Starts-50 -offers-Eq8
[198/517] CS004ME Specification-Baseline__Cost-1__Fee-British__ExitFees-AllUnilateralExits__Starts-50 -stagecostdark-Eq6
[199/517] CS004ME Specification-Baseline__Cost-1__Fee-British__ExitFees-AllUnilateralExits__Starts-50 -stagecostdark-Eq12
[200/517] CS004ME Specification-Baseline__Cost-1__Fee-British__ExitFees-AllUnilateralExits__Starts-50 -stagecostdark-Eq13
[201/517] CS004ME Specification-Baseline__Cost-1__Fee-British__ExitFees-AllUnilateralExits__Starts-50 -stagecostdark-Eq14
[202/517] CS004ME Specification-Baseline__Cost-1__Fee-British__ExitFees-AllUnilateralExits__Starts-50 -stagecostdark-Eq5
[203/517] CS004ME Specification-Baseline__Cost-1__Fee-British__ExitFees-AllUnilateralExits__Starts-50 -stagecostlight-Eq14
[204/517] CS004ME Specification-Baseline__Cost-1__Fee-British__ExitFees-AllUnilateralExits__Starts-50 -stagecostlight-Eq11
[205/517] CS004ME Specification-Baseline__Cost-1__Fee-British__ExitFees-AllUnilateralExits__Starts-50 -stagecostdark-Eq7
[206/517] CS004ME Specification-Baseline__Cost-1__Fee-British__ExitFees-AllUnilateralExits__Starts-50 -stagecostlight-Eq1
[207/517] CS004ME Specification-Baseline__Cost-1__Fee-British__ExitFees-AllUnilateralExits__Starts-50 -stagecostlight-Eq10
[208/517] CS004ME Specification-Baseline__Cost-1__Fee-British__ExitFees-AllUnilateralExits__Starts-50 -stagecostdark-Eq8
[209/517] CS004ME Specification-Baseline__Cost-1__Fee-British__ExitFees-AllUnilateralExits__Starts-50 -stagecostdark-Eq4
[210/517] CS004ME Specification-Baseline__Cost-1__Fee-British__ExitFees-AllUnilateralExits__Starts-50 -stagecostdark-Eq9
[211/517] CS004ME Specification-Baseline__Cost-1__Fee-British__ExitFees-AllUnilateralExits__Starts-50 -stagecostlight-Eq12
[212/517] CS004ME Specification-Baseline__Cost-1__Fee-British__ExitFees-AllUnilateralExits__Starts-50 -stagecostdark-Eq15
[213/517] CS004ME Specification-Baseline__Cost-1__Fee-British__ExitFees-AllUnilateralExits__Starts-50 -stagecostlight-Eq13
[214/517] CS004ME Specification-Baseline__Cost-1__Fee-British__ExitFees-AllUnilateralExits__Starts-50 -stagecostdark-Eq3
[215/517] CS004ME Specification-Baseline__Cost-1__Fee-British__ExitFees-AllUnilateralExits__Starts-50 -stagecostlight-Eq3
[216/517] CS004ME Specification-Baseline__Cost-1__Fee-British__ExitFees-AllUnilateralExits__Starts-50 -stagecostlight-Eq7
[217/517] CS004ME Specification-Baseline__Cost-1__Fee-British__ExitFees-AllUnilateralExits__Starts-50 -stagecostlight-Eq8
[218/517] CS004ME Specification-Baseline__Cost-1__Fee-British__ExitFees-AllUnilateralExits__Starts-50 -stagecostlight-Eq4
[219/517] CS004ME Specification-Baseline__Cost-1__Fee-British__ExitFees-AllUnilateralExits__Starts-50 -stagecostlight-Eq5
[220/517] CS004ME Specification-Baseline__Cost-1__Fee-British__ExitFees-AllUnilateralExits__Starts-50 -stagecostlight-Eq15
[221/517] CS004ME Specification-Baseline__Cost-1__Fee-British__ExitFees-AllUnilateralExits__Starts-50 -stagecostlight-Eq2
[222/517] CS004ME Specification-Baseline__Cost-1__Fee-British__ExitFees-AllUnilateralExits__Starts-50 -stagecostlight-Eq6
[223/517] CS004ME Specification-Baseline__Cost-1__Fee-British__ExitFees-AllUnilateralExits__Starts-50 -stagecostlight-Eq9
[224/517] CS004ME Specification-Baseline__Cost-1__Fee-British__Starts-50 -costbreakdowndark-Eq1
[225/517] CS004ME Specification-Baseline__Cost-1__Fee-British__Starts-50 -costbreakdowndark-Eq10
[226/517] CS004ME Specification-Baseline__Cost-1__Fee-British__Starts-50 -costbreakdowndark-Eq3
[227/517] CS004ME Specification-Baseline__Cost-1__Fee-British__Starts-50 -costbreakdowndark-Eq5
[228/517] CS004ME Specification-Baseline__Cost-1__Fee-British__Starts-50 -costbreakdowndark-Eq2
[229/517] CS004ME Specification-Baseline__Cost-1__Fee-British__Starts-50 -costbreakdowndark-Eq6
[230/517] CS004ME Specification-Baseline__Cost-1__Fee-British__Starts-50 -costbreakdowndark-Eq4
[231/517] CS004ME Specification-Baseline__Cost-1__Fee-British__Starts-50 -costbreakdowndark-Eq11
[232/517] CS004ME Specification-Baseline__Cost-1__Fee-British__Starts-50 -costbreakdowndark-Eq7
[233/517] CS004ME Specification-Baseline__Cost-1__Fee-British__Starts-50 -costbreakdownlight-Eq11
[234/517] CS004ME Specification-Baseline__Cost-1__Fee-British__Starts-50 -costbreakdowndark-Eq8
[235/517] CS004ME Specification-Baseline__Cost-1__Fee-British__Starts-50 -costbreakdownlight-Eq7
[236/517] CS004ME Specification-Baseline__Cost-1__Fee-British__Starts-50 -costbreakdownlight-Eq10
[237/517] CS004ME Specification-Baseline__Cost-1__Fee-British__Starts-50 -costbreakdownlight-Eq3
[238/517] CS004ME Specification-Baseline__Cost-1__Fee-British__Starts-50 -costbreakdownlight-Eq1
[239/517] CS004ME Specification-Baseline__Cost-1__Fee-British__Starts-50 -costbreakdownlight-Eq8
[240/517] CS004ME Specification-Baseline__Cost-1__Fee-British__Starts-50 -fileans-Eq1
[241/517] CS004ME Specification-Baseline__Cost-1__Fee-British__Starts-50 -costbreakdownlight-Eq6
[242/517] CS004ME Specification-Baseline__Cost-1__Fee-British__Starts-50 -costbreakdownlight-Eq2
[243/517] CS004ME Specification-Baseline__Cost-1__Fee-British__Starts-50 -costbreakdownlight-Eq5
[244/517] CS004ME Specification-Baseline__Cost-1__Fee-British__Starts-50 -costbreakdownlight-Eq4
[245/517] CS004ME Specification-Baseline__Cost-1__Fee-British__Starts-50 -costbreakdowndark-Eq9
[246/517] CS004ME Specification-Baseline__Cost-1__Fee-British__Starts-50 -costbreakdownlight-Eq9
[247/517] CS004ME Specification-Baseline__Cost-1__Fee-British__Starts-50 -fileans-Eq2
[248/517] CS004ME Specification-Baseline__Cost-1__Fee-British__Starts-50 -fileans-Eq11
[249/517] CS004ME Specification-Baseline__Cost-1__Fee-British__Starts-50 -fileans-Eq10
[250/517] CS004ME Specification-Baseline__Cost-1__Fee-British__Starts-50 -fileans-Eq5
[251/517] CS004ME Specification-Baseline__Cost-1__Fee-British__Starts-50 -fileans-Eq4
[252/517] CS004ME Specification-Baseline__Cost-1__Fee-British__Starts-50 -fileans-Eq3
[253/517] CS004ME Specification-Baseline__Cost-1__Fee-British__Starts-50 -fileans-Eq6
[254/517] CS004ME Specification-Baseline__Cost-1__Fee-British__Starts-50 -fileans-Eq7
[255/517] CS004ME Specification-Baseline__Cost-1__Fee-British__Starts-50 -fileans-Eq8
[256/517] CS004ME Specification-Baseline__Cost-1__Fee-British__Starts-50 -fileans-Eq9
[257/517] CS004ME Specification-Baseline__Cost-1__Fee-British__Starts-50 -offers-Eq3
[258/517] CS004ME Specification-Baseline__Cost-1__Fee-British__Starts-50 -offers-Eq2
[259/517] CS004ME Specification-Baseline__Cost-1__Fee-British__Starts-50 -offers-Eq11
[260/517] CS004ME Specification-Baseline__Cost-1__Fee-British__Starts-50 -offers-Eq10
[261/517] CS004ME Specification-Baseline__Cost-1__Fee-British__Starts-50 -offers-Eq4
[262/517] CS004ME Specification-Baseline__Cost-1__Fee-British__Starts-50 -offers-Eq6
[263/517] CS004ME Specification-Baseline__Cost-1__Fee-British__Starts-50 -offers-Eq1
[264/517] CS004ME Specification-Baseline__Cost-1__Fee-British__Starts-50 -offers-Eq8
[265/517] CS004ME Specification-Baseline__Cost-1__Fee-British__Starts-50 -offers-Eq5
[266/517] CS004ME Specification-Baseline__Cost-1__Fee-British__Starts-50 -stagecostdark-Eq5
[267/517] CS004ME Specification-Baseline__Cost-1__Fee-British__Starts-50 -offers-Eq7
[268/517] CS004ME Specification-Baseline__Cost-1__Fee-British__Starts-50 -stagecostlight-Eq2
[269/517] CS004ME Specification-Baseline__Cost-1__Fee-British__Starts-50 -stagecostdark-Eq1
[270/517] CS004ME Specification-Baseline__Cost-1__Fee-British__Starts-50 -stagecostdark-Eq10
[271/517] CS004ME Specification-Baseline__Cost-1__Fee-British__Starts-50 -stagecostlight-Eq1
[272/517] CS004ME Specification-Baseline__Cost-1__Fee-British__Starts-50 -stagecostdark-Eq11
[273/517] CS004ME Specification-Baseline__Cost-1__Fee-British__Starts-50 -stagecostlight-Eq10
[274/517] CS004ME Specification-Baseline__Cost-1__Fee-British__Starts-50 -offers-Eq9
[275/517] CS004ME Specification-Baseline__Cost-1__Fee-British__Starts-50 -stagecostdark-Eq9
[276/517] CS004ME Specification-Baseline__Cost-1__Fee-British__Starts-50 -stagecostdark-Eq2
[277/517] CS004ME Specification-Baseline__Cost-1__Fee-British__Starts-50 -stagecostdark-Eq3
[278/517] CS004ME Specification-Baseline__Cost-1__Fee-British__Starts-50 -stagecostlight-Eq3
[279/517] CS004ME Specification-Baseline__Cost-1__Fee-British__Starts-50 -stagecostdark-Eq7
[280/517] CS004ME Specification-Baseline__Cost-1__Fee-British__Starts-50 -stagecostdark-Eq4
[281/517] CS004ME Specification-Baseline__Cost-1__Fee-British__Starts-50 -stagecostdark-Eq6
[282/517] CS004ME Specification-Baseline__Cost-1__Fee-British__Starts-50 -stagecostlight-Eq4
[283/517] CS004ME Specification-Baseline__Cost-1__Fee-British__Starts-50 -stagecostlight-Eq11
[284/517] CS004ME Specification-Baseline__Cost-1__Fee-British__Starts-50 -stagecostdark-Eq8
[285/517] CS004ME Specification-Baseline__Cost-1__Fee-British__Starts-50 -stagecostlight-Eq5
[286/517] CS004ME Specification-Baseline__Cost-1__Fee-British__Starts-50 -stagecostlight-Eq6
[287/517] CS004ME Specification-Baseline__Cost-1__Fee-British__Starts-50 -stagecostlight-Eq8
[288/517] CS004ME Specification-ModerateRiskAversion__Cost-1__Fee-American__Starts-50 -costbreakdownlight-Eq12
[289/517] CS004ME Specification-Baseline__Cost-1__Fee-British__Starts-50 -stagecostlight-Eq7
[290/517] CS004ME Specification-Baseline__Cost-1__Fee-British__Starts-50 -stagecostlight-Eq9
[291/517] CS004ME Specification-ModerateRiskAversion__Cost-1__Fee-American__Starts-50 -costbreakdowndark-Eq2
[292/517] CS004ME Specification-ModerateRiskAversion__Cost-1__Fee-American__Starts-50 -costbreakdowndark-Eq4
[293/517] CS004ME Specification-ModerateRiskAversion__Cost-1__Fee-American__Starts-50 -costbreakdowndark-Eq11
[294/517] CS004ME Specification-ModerateRiskAversion__Cost-1__Fee-American__Starts-50 -costbreakdowndark-Eq1
[295/517] CS004ME Specification-ModerateRiskAversion__Cost-1__Fee-American__Starts-50 -costbreakdowndark-Eq12
[296/517] CS004ME Specification-ModerateRiskAversion__Cost-1__Fee-American__Starts-50 -costbreakdowndark-Eq10
[297/517] CS004ME Specification-ModerateRiskAversion__Cost-1__Fee-American__Starts-50 -costbreakdowndark-Eq3
[298/517] CS004ME Specification-ModerateRiskAversion__Cost-1__Fee-American__Starts-50 -costbreakdowndark-Eq6
[299/517] CS004ME Specification-ModerateRiskAversion__Cost-1__Fee-American__Starts-50 -costbreakdowndark-Eq5
[300/517] CS004ME Specification-ModerateRiskAversion__Cost-1__Fee-American__Starts-50 -costbreakdownlight-Eq4
[301/517] CS004ME Specification-ModerateRiskAversion__Cost-1__Fee-American__Starts-50 -costbreakdownlight-Eq10
[302/517] CS004ME Specification-ModerateRiskAversion__Cost-1__Fee-American__Starts-50 -costbreakdowndark-Eq7
[303/517] CS004ME Specification-ModerateRiskAversion__Cost-1__Fee-American__Starts-50 -costbreakdownlight-Eq6
[304/517] CS004ME Specification-ModerateRiskAversion__Cost-1__Fee-American__Starts-50 -costbreakdownlight-Eq11
[305/517] CS004ME Specification-ModerateRiskAversion__Cost-1__Fee-American__Starts-50 -costbreakdownlight-Eq2
[306/517] CS004ME Specification-ModerateRiskAversion__Cost-1__Fee-American__Starts-50 -costbreakdownlight-Eq7
[307/517] CS004ME Specification-ModerateRiskAversion__Cost-1__Fee-American__Starts-50 -costbreakdownlight-Eq1
[308/517] CS004ME Specification-ModerateRiskAversion__Cost-1__Fee-American__Starts-50 -costbreakdowndark-Eq9
[309/517] CS004ME Specification-ModerateRiskAversion__Cost-1__Fee-American__Starts-50 -costbreakdownlight-Eq5
[310/517] CS004ME Specification-ModerateRiskAversion__Cost-1__Fee-American__Starts-50 -costbreakdownlight-Eq3
[311/517] CS004ME Specification-ModerateRiskAversion__Cost-1__Fee-American__Starts-50 -costbreakdownlight-Eq9
[312/517] CS004ME Specification-ModerateRiskAversion__Cost-1__Fee-American__Starts-50 -costbreakdowndark-Eq8
[313/517] CS004ME Specification-ModerateRiskAversion__Cost-1__Fee-American__Starts-50 -costbreakdownlight-Eq8
[314/517] CS004ME Specification-ModerateRiskAversion__Cost-1__Fee-American__Starts-50 -fileans-Eq1
[315/517] CS004ME Specification-ModerateRiskAversion__Cost-1__Fee-American__Starts-50 -fileans-Eq11
[316/517] CS004ME Specification-ModerateRiskAversion__Cost-1__Fee-American__Starts-50 -fileans-Eq10
[317/517] CS004ME Specification-ModerateRiskAversion__Cost-1__Fee-American__Starts-50 -fileans-Eq12
[318/517] CS004ME Specification-ModerateRiskAversion__Cost-1__Fee-American__Starts-50 -fileans-Eq4
[319/517] CS004ME Specification-ModerateRiskAversion__Cost-1__Fee-American__Starts-50 -fileans-Eq5
[320/517] CS004ME Specification-ModerateRiskAversion__Cost-1__Fee-American__Starts-50 -fileans-Eq2
[321/517] CS004ME Specification-ModerateRiskAversion__Cost-1__Fee-American__Starts-50 -fileans-Eq9
[322/517] CS004ME Specification-ModerateRiskAversion__Cost-1__Fee-American__Starts-50 -fileans-Eq3
[323/517] CS004ME Specification-ModerateRiskAversion__Cost-1__Fee-American__Starts-50 -fileans-Eq6
[324/517] CS004ME Specification-ModerateRiskAversion__Cost-1__Fee-American__Starts-50 -fileans-Eq8
[325/517] CS004ME Specification-ModerateRiskAversion__Cost-1__Fee-American__Starts-50 -fileans-Eq7
[326/517] CS004ME Specification-ModerateRiskAversion__Cost-1__Fee-American__Starts-50 -offers-Eq1
[327/517] CS004ME Specification-ModerateRiskAversion__Cost-1__Fee-American__Starts-50 -offers-Eq11
[328/517] CS004ME Specification-ModerateRiskAversion__Cost-1__Fee-American__Starts-50 -offers-Eq6
[329/517] CS004ME Specification-ModerateRiskAversion__Cost-1__Fee-American__Starts-50 -offers-Eq10
[330/517] CS004ME Specification-ModerateRiskAversion__Cost-1__Fee-American__Starts-50 -offers-Eq8
[331/517] CS004ME Specification-ModerateRiskAversion__Cost-1__Fee-American__Starts-50 -offers-Eq3
[332/517] CS004ME Specification-ModerateRiskAversion__Cost-1__Fee-American__Starts-50 -stagecostdark-Eq11
[333/517] CS004ME Specification-ModerateRiskAversion__Cost-1__Fee-American__Starts-50 -offers-Eq7
[334/517] CS004ME Specification-ModerateRiskAversion__Cost-1__Fee-American__Starts-50 -offers-Eq12
[335/517] CS004ME Specification-ModerateRiskAversion__Cost-1__Fee-American__Starts-50 -stagecostdark-Eq1
[336/517] CS004ME Specification-ModerateRiskAversion__Cost-1__Fee-American__Starts-50 -offers-Eq5
[337/517] CS004ME Specification-ModerateRiskAversion__Cost-1__Fee-American__Starts-50 -stagecostdark-Eq12
[338/517] CS004ME Specification-ModerateRiskAversion__Cost-1__Fee-American__Starts-50 -offers-Eq4
[339/517] CS004ME Specification-ModerateRiskAversion__Cost-1__Fee-American__Starts-50 -offers-Eq2
[340/517] CS004ME Specification-ModerateRiskAversion__Cost-1__Fee-American__Starts-50 -offers-Eq9
[341/517] CS004ME Specification-ModerateRiskAversion__Cost-1__Fee-American__Starts-50 -stagecostdark-Eq10
[342/517] CS004ME Specification-ModerateRiskAversion__Cost-1__Fee-American__Starts-50 -stagecostdark-Eq4
[343/517] CS004ME Specification-ModerateRiskAversion__Cost-1__Fee-American__Starts-50 -stagecostdark-Eq2
[344/517] CS004ME Specification-ModerateRiskAversion__Cost-1__Fee-American__Starts-50 -stagecostdark-Eq5
[345/517] CS004ME Specification-ModerateRiskAversion__Cost-1__Fee-American__Starts-50 -stagecostdark-Eq7
[346/517] CS004ME Specification-ModerateRiskAversion__Cost-1__Fee-American__Starts-50 -stagecostlight-Eq11
[347/517] CS004ME Specification-ModerateRiskAversion__Cost-1__Fee-American__Starts-50 -stagecostlight-Eq1
[348/517] CS004ME Specification-ModerateRiskAversion__Cost-1__Fee-American__Starts-50 -stagecostdark-Eq8
[349/517] CS004ME Specification-ModerateRiskAversion__Cost-1__Fee-American__Starts-50 -stagecostdark-Eq3
[350/517] CS004ME Specification-ModerateRiskAversion__Cost-1__Fee-American__Starts-50 -stagecostlight-Eq10
[351/517] CS004ME Specification-ModerateRiskAversion__Cost-1__Fee-American__Starts-50 -stagecostdark-Eq6
[352/517] CS004ME Specification-ModerateRiskAversion__Cost-1__Fee-American__Starts-50 -stagecostlight-Eq2
[353/517] CS004ME Specification-ModerateRiskAversion__Cost-1__Fee-American__Starts-50 -stagecostlight-Eq3
[354/517] CS004ME Specification-ModerateRiskAversion__Cost-1__Fee-American__Starts-50 -stagecostdark-Eq9
[355/517] CS004ME Specification-ModerateRiskAversion__Cost-1__Fee-American__Starts-50 -stagecostlight-Eq12
[356/517] CS004ME Specification-ModerateRiskAversion__Cost-1__Fee-American__Starts-50 -stagecostlight-Eq4
[357/517] CS004ME Specification-ModerateRiskAversion__Cost-1__Fee-American__Starts-50 -stagecostlight-Eq5
[358/517] CS004ME Specification-ModerateRiskAversion__Cost-1__Fee-American__Starts-50 -stagecostlight-Eq6
[359/517] CS004ME Specification-ModerateRiskAversion__Cost-1__Fee-British__ExitFees-AllUnilateralExits__Starts-50 -costbreakdownlight-Eq3
[360/517] CS004ME Specification-ModerateRiskAversion__Cost-1__Fee-American__Starts-50 -stagecostlight-Eq8
[361/517] CS004ME Specification-ModerateRiskAversion__Cost-1__Fee-British__ExitFees-AllUnilateralExits__Starts-50 -costbreakdowndark-Eq2
[362/517] CS004ME Specification-ModerateRiskAversion__Cost-1__Fee-American__Starts-50 -stagecostlight-Eq9
[363/517] CS004ME Specification-ModerateRiskAversion__Cost-1__Fee-American__Starts-50 -stagecostlight-Eq7
[364/517] CS004ME Specification-ModerateRiskAversion__Cost-1__Fee-British__ExitFees-AllUnilateralExits__Starts-50 -costbreakdowndark-Eq4
[365/517] CS004ME Specification-ModerateRiskAversion__Cost-1__Fee-British__ExitFees-AllUnilateralExits__Starts-50 -costbreakdownlight-Eq2
[366/517] CS004ME Specification-ModerateRiskAversion__Cost-1__Fee-British__ExitFees-AllUnilateralExits__Starts-50 -costbreakdownlight-Eq1
[367/517] CS004ME Specification-ModerateRiskAversion__Cost-1__Fee-British__ExitFees-AllUnilateralExits__Starts-50 -costbreakdowndark-Eq5
[368/517] CS004ME Specification-ModerateRiskAversion__Cost-1__Fee-British__ExitFees-AllUnilateralExits__Starts-50 -costbreakdownlight-Eq4
[369/517] CS004ME Specification-ModerateRiskAversion__Cost-1__Fee-British__ExitFees-AllUnilateralExits__Starts-50 -costbreakdowndark-Eq1
[370/517] CS004ME Specification-ModerateRiskAversion__Cost-1__Fee-British__ExitFees-AllUnilateralExits__Starts-50 -costbreakdowndark-Eq3
[371/517] CS004ME Specification-ModerateRiskAversion__Cost-1__Fee-British__ExitFees-AllUnilateralExits__Starts-50 -costbreakdownlight-Eq7
[372/517] CS004ME Specification-ModerateRiskAversion__Cost-1__Fee-British__ExitFees-AllUnilateralExits__Starts-50 -costbreakdownlight-Eq6
[373/517] CS004ME Specification-ModerateRiskAversion__Cost-1__Fee-British__ExitFees-AllUnilateralExits__Starts-50 -costbreakdowndark-Eq7
[374/517] CS004ME Specification-ModerateRiskAversion__Cost-1__Fee-British__ExitFees-AllUnilateralExits__Starts-50 -fileans-Eq1
[375/517] CS004ME Specification-ModerateRiskAversion__Cost-1__Fee-British__ExitFees-AllUnilateralExits__Starts-50 -fileans-Eq4
[376/517] CS004ME Specification-ModerateRiskAversion__Cost-1__Fee-British__ExitFees-AllUnilateralExits__Starts-50 -fileans-Eq2
[377/517] CS004ME Specification-ModerateRiskAversion__Cost-1__Fee-British__ExitFees-AllUnilateralExits__Starts-50 -costbreakdownlight-Eq5
[378/517] CS004ME Specification-ModerateRiskAversion__Cost-1__Fee-British__ExitFees-AllUnilateralExits__Starts-50 -fileans-Eq3
[379/517] CS004ME Specification-ModerateRiskAversion__Cost-1__Fee-British__ExitFees-AllUnilateralExits__Starts-50 -fileans-Eq6
[380/517] CS004ME Specification-ModerateRiskAversion__Cost-1__Fee-British__ExitFees-AllUnilateralExits__Starts-50 -fileans-Eq5
[381/517] CS004ME Specification-ModerateRiskAversion__Cost-1__Fee-British__ExitFees-AllUnilateralExits__Starts-50 -costbreakdowndark-Eq6
[382/517] CS004ME Specification-ModerateRiskAversion__Cost-1__Fee-British__ExitFees-AllUnilateralExits__Starts-50 -fileans-Eq7
[383/517] CS004ME Specification-ModerateRiskAversion__Cost-1__Fee-British__ExitFees-AllUnilateralExits__Starts-50 -offers-Eq3
[384/517] CS004ME Specification-ModerateRiskAversion__Cost-1__Fee-British__ExitFees-AllUnilateralExits__Starts-50 -offers-Eq1
[385/517] CS004ME Specification-ModerateRiskAversion__Cost-1__Fee-British__ExitFees-AllUnilateralExits__Starts-50 -offers-Eq2
[386/517] CS004ME Specification-ModerateRiskAversion__Cost-1__Fee-British__ExitFees-AllUnilateralExits__Starts-50 -offers-Eq4
[387/517] CS004ME Specification-ModerateRiskAversion__Cost-1__Fee-British__ExitFees-AllUnilateralExits__Starts-50 -offers-Eq5
[388/517] CS004ME Specification-ModerateRiskAversion__Cost-1__Fee-British__ExitFees-AllUnilateralExits__Starts-50 -offers-Eq7
[389/517] CS004ME Specification-ModerateRiskAversion__Cost-1__Fee-British__ExitFees-AllUnilateralExits__Starts-50 -stagecostlight-Eq3
[390/517] CS004ME Specification-ModerateRiskAversion__Cost-1__Fee-British__ExitFees-AllUnilateralExits__Starts-50 -stagecostlight-Eq2
[391/517] CS004ME Specification-ModerateRiskAversion__Cost-1__Fee-British__ExitFees-AllUnilateralExits__Starts-50 -stagecostlight-Eq1
[392/517] CS004ME Specification-ModerateRiskAversion__Cost-1__Fee-British__ExitFees-AllUnilateralExits__Starts-50 -offers-Eq6
[393/517] CS004ME Specification-ModerateRiskAversion__Cost-1__Fee-British__ExitFees-AllUnilateralExits__Starts-50 -stagecostlight-Eq5
[394/517] CS004ME Specification-ModerateRiskAversion__Cost-1__Fee-British__ExitFees-AllUnilateralExits__Starts-50 -stagecostlight-Eq4
[395/517] CS004ME Specification-ModerateRiskAversion__Cost-1__Fee-British__ExitFees-AllUnilateralExits__Starts-50 -stagecostlight-Eq6
[396/517] CS004ME Specification-ModerateRiskAversion__Cost-1__Fee-British__ExitFees-AllUnilateralExits__Starts-50 -stagecostdark-Eq3
[397/517] CS004ME Specification-ModerateRiskAversion__Cost-1__Fee-British__ExitFees-AllUnilateralExits__Starts-50 -stagecostdark-Eq2
[398/517] CS004ME Specification-ModerateRiskAversion__Cost-1__Fee-British__ExitFees-AllUnilateralExits__Starts-50 -stagecostlight-Eq7
[399/517] CS004ME Specification-ModerateRiskAversion__Cost-1__Fee-British__ExitFees-AllUnilateralExits__Starts-50 -stagecostdark-Eq6
[400/517] CS004ME Specification-ModerateRiskAversion__Cost-1__Fee-British__ExitFees-AllUnilateralExits__Starts-50 -stagecostdark-Eq5
[401/517] CS004ME Specification-ModerateRiskAversion__Cost-1__Fee-British__ExitFees-AllUnilateralExits__Starts-50 -stagecostdark-Eq7
[402/517] CS004ME Specification-ModerateRiskAversion__Cost-1__Fee-British__ExitFees-AllUnilateralExits__Starts-50 -stagecostdark-Eq4
[403/517] CS004ME Specification-ModerateRiskAversion__Cost-1__Fee-British__ExitFees-AllUnilateralExits__Starts-50 -stagecostdark-Eq1
[404/517] CS004ME Specification-ModerateRiskAversion__Cost-1__Fee-British__Starts-50 -costbreakdowndark-Eq1
[405/517] CS004ME Specification-ModerateRiskAversion__Cost-1__Fee-British__Starts-50 -costbreakdowndark-Eq16
[406/517] CS004ME Specification-ModerateRiskAversion__Cost-1__Fee-British__Starts-50 -costbreakdowndark-Eq15
[407/517] CS004ME Specification-ModerateRiskAversion__Cost-1__Fee-British__Starts-50 -costbreakdowndark-Eq17
[408/517] CS004ME Specification-ModerateRiskAversion__Cost-1__Fee-British__Starts-50 -costbreakdowndark-Eq10
[409/517] CS004ME Specification-ModerateRiskAversion__Cost-1__Fee-British__Starts-50 -costbreakdowndark-Eq11
[410/517] CS004ME Specification-ModerateRiskAversion__Cost-1__Fee-British__Starts-50 -costbreakdowndark-Eq12
[411/517] CS004ME Specification-ModerateRiskAversion__Cost-1__Fee-British__Starts-50 -costbreakdowndark-Eq14
[412/517] CS004ME Specification-ModerateRiskAversion__Cost-1__Fee-British__Starts-50 -costbreakdowndark-Eq13
[413/517] CS004ME Specification-ModerateRiskAversion__Cost-1__Fee-British__Starts-50 -costbreakdowndark-Eq18
[414/517] CS004ME Specification-ModerateRiskAversion__Cost-1__Fee-British__Starts-50 -costbreakdowndark-Eq4
[415/517] CS004ME Specification-ModerateRiskAversion__Cost-1__Fee-British__Starts-50 -costbreakdowndark-Eq2
[416/517] CS004ME Specification-ModerateRiskAversion__Cost-1__Fee-British__Starts-50 -costbreakdowndark-Eq19
[417/517] CS004ME Specification-ModerateRiskAversion__Cost-1__Fee-British__Starts-50 -costbreakdowndark-Eq3
[418/517] CS004ME Specification-ModerateRiskAversion__Cost-1__Fee-British__Starts-50 -costbreakdownlight-Eq11
[419/517] CS004ME Specification-ModerateRiskAversion__Cost-1__Fee-British__Starts-50 -costbreakdownlight-Eq12
[420/517] CS004ME Specification-ModerateRiskAversion__Cost-1__Fee-British__Starts-50 -costbreakdownlight-Eq1
[421/517] CS004ME Specification-ModerateRiskAversion__Cost-1__Fee-British__Starts-50 -costbreakdowndark-Eq5
[422/517] CS004ME Specification-ModerateRiskAversion__Cost-1__Fee-British__Starts-50 -costbreakdownlight-Eq10
[423/517] CS004ME Specification-ModerateRiskAversion__Cost-1__Fee-British__Starts-50 -costbreakdownlight-Eq13
[424/517] CS004ME Specification-ModerateRiskAversion__Cost-1__Fee-British__Starts-50 -costbreakdownlight-Eq14
[425/517] CS004ME Specification-ModerateRiskAversion__Cost-1__Fee-British__Starts-50 -costbreakdownlight-Eq15
[426/517] CS004ME Specification-ModerateRiskAversion__Cost-1__Fee-British__Starts-50 -costbreakdowndark-Eq9
[427/517] CS004ME Specification-ModerateRiskAversion__Cost-1__Fee-British__Starts-50 -costbreakdownlight-Eq16
[428/517] CS004ME Specification-ModerateRiskAversion__Cost-1__Fee-British__Starts-50 -costbreakdownlight-Eq17
[429/517] CS004ME Specification-ModerateRiskAversion__Cost-1__Fee-British__Starts-50 -costbreakdownlight-Eq18
[430/517] CS004ME Specification-ModerateRiskAversion__Cost-1__Fee-British__Starts-50 -costbreakdowndark-Eq6
[431/517] CS004ME Specification-ModerateRiskAversion__Cost-1__Fee-British__Starts-50 -costbreakdowndark-Eq8
[432/517] CS004ME Specification-ModerateRiskAversion__Cost-1__Fee-British__Starts-50 -costbreakdowndark-Eq7
[433/517] CS004ME Specification-ModerateRiskAversion__Cost-1__Fee-British__Starts-50 -costbreakdownlight-Eq3
[434/517] CS004ME Specification-ModerateRiskAversion__Cost-1__Fee-British__Starts-50 -costbreakdownlight-Eq19
[435/517] CS004ME Specification-ModerateRiskAversion__Cost-1__Fee-British__Starts-50 -costbreakdownlight-Eq5
[436/517] CS004ME Specification-ModerateRiskAversion__Cost-1__Fee-British__Starts-50 -costbreakdownlight-Eq2
[437/517] CS004ME Specification-ModerateRiskAversion__Cost-1__Fee-British__Starts-50 -costbreakdownlight-Eq4
[438/517] CS004ME Specification-ModerateRiskAversion__Cost-1__Fee-British__Starts-50 -costbreakdownlight-Eq7
[439/517] CS004ME Specification-ModerateRiskAversion__Cost-1__Fee-British__Starts-50 -fileans-Eq10
[440/517] CS004ME Specification-ModerateRiskAversion__Cost-1__Fee-British__Starts-50 -costbreakdownlight-Eq9
[441/517] CS004ME Specification-ModerateRiskAversion__Cost-1__Fee-British__Starts-50 -costbreakdownlight-Eq8
[442/517] CS004ME Specification-ModerateRiskAversion__Cost-1__Fee-British__Starts-50 -costbreakdownlight-Eq6
[443/517] CS004ME Specification-ModerateRiskAversion__Cost-1__Fee-British__Starts-50 -fileans-Eq1
[444/517] CS004ME Specification-ModerateRiskAversion__Cost-1__Fee-British__Starts-50 -fileans-Eq11
[445/517] CS004ME Specification-ModerateRiskAversion__Cost-1__Fee-British__Starts-50 -fileans-Eq13
[446/517] CS004ME Specification-ModerateRiskAversion__Cost-1__Fee-British__Starts-50 -fileans-Eq12
[447/517] CS004ME Specification-ModerateRiskAversion__Cost-1__Fee-British__Starts-50 -fileans-Eq14
[448/517] CS004ME Specification-ModerateRiskAversion__Cost-1__Fee-British__Starts-50 -fileans-Eq19
[449/517] CS004ME Specification-ModerateRiskAversion__Cost-1__Fee-British__Starts-50 -fileans-Eq16
[450/517] CS004ME Specification-ModerateRiskAversion__Cost-1__Fee-British__Starts-50 -fileans-Eq18
[451/517] CS004ME Specification-ModerateRiskAversion__Cost-1__Fee-British__Starts-50 -fileans-Eq4
[452/517] CS004ME Specification-ModerateRiskAversion__Cost-1__Fee-British__Starts-50 -fileans-Eq7
[453/517] CS004ME Specification-ModerateRiskAversion__Cost-1__Fee-British__Starts-50 -fileans-Eq17
[454/517] CS004ME Specification-ModerateRiskAversion__Cost-1__Fee-British__Starts-50 -fileans-Eq8
[455/517] CS004ME Specification-ModerateRiskAversion__Cost-1__Fee-British__Starts-50 -fileans-Eq15
[456/517] CS004ME Specification-ModerateRiskAversion__Cost-1__Fee-British__Starts-50 -fileans-Eq2
[457/517] CS004ME Specification-ModerateRiskAversion__Cost-1__Fee-British__Starts-50 -fileans-Eq3
[458/517] CS004ME Specification-ModerateRiskAversion__Cost-1__Fee-British__Starts-50 -fileans-Eq9
[459/517] CS004ME Specification-ModerateRiskAversion__Cost-1__Fee-British__Starts-50 -fileans-Eq5
[460/517] CS004ME Specification-ModerateRiskAversion__Cost-1__Fee-British__Starts-50 -fileans-Eq6
[461/517] CS004ME Specification-ModerateRiskAversion__Cost-1__Fee-British__Starts-50 -offers-Eq1
[462/517] CS004ME Specification-ModerateRiskAversion__Cost-1__Fee-British__Starts-50 -offers-Eq10
[463/517] CS004ME Specification-ModerateRiskAversion__Cost-1__Fee-British__Starts-50 -offers-Eq14
[464/517] CS004ME Specification-ModerateRiskAversion__Cost-1__Fee-British__Starts-50 -offers-Eq12
[465/517] CS004ME Specification-ModerateRiskAversion__Cost-1__Fee-British__Starts-50 -offers-Eq17
[466/517] CS004ME Specification-ModerateRiskAversion__Cost-1__Fee-British__Starts-50 -offers-Eq13
[467/517] CS004ME Specification-ModerateRiskAversion__Cost-1__Fee-British__Starts-50 -offers-Eq16
[468/517] CS004ME Specification-ModerateRiskAversion__Cost-1__Fee-British__Starts-50 -offers-Eq11
[469/517] CS004ME Specification-ModerateRiskAversion__Cost-1__Fee-British__Starts-50 -offers-Eq15
[470/517] CS004ME Specification-ModerateRiskAversion__Cost-1__Fee-British__Starts-50 -offers-Eq4
[471/517] CS004ME Specification-ModerateRiskAversion__Cost-1__Fee-British__Starts-50 -offers-Eq18
[472/517] CS004ME Specification-ModerateRiskAversion__Cost-1__Fee-British__Starts-50 -offers-Eq19
[473/517] CS004ME Specification-ModerateRiskAversion__Cost-1__Fee-British__Starts-50 -offers-Eq8
[474/517] CS004ME Specification-ModerateRiskAversion__Cost-1__Fee-British__Starts-50 -offers-Eq3
[475/517] CS004ME Specification-ModerateRiskAversion__Cost-1__Fee-British__Starts-50 -offers-Eq6
[476/517] CS004ME Specification-ModerateRiskAversion__Cost-1__Fee-British__Starts-50 -offers-Eq2
[477/517] CS004ME Specification-ModerateRiskAversion__Cost-1__Fee-British__Starts-50 -offers-Eq5
[478/517] CS004ME Specification-ModerateRiskAversion__Cost-1__Fee-British__Starts-50 -offers-Eq7
[479/517] CS004ME Specification-ModerateRiskAversion__Cost-1__Fee-British__Starts-50 -stagecostdark-Eq1
[480/517] CS004ME Specification-ModerateRiskAversion__Cost-1__Fee-British__Starts-50 -stagecostdark-Eq11
[481/517] CS004ME Specification-ModerateRiskAversion__Cost-1__Fee-British__Starts-50 -stagecostdark-Eq12
[482/517] CS004ME Specification-ModerateRiskAversion__Cost-1__Fee-British__Starts-50 -stagecostdark-Eq10
[483/517] CS004ME Specification-ModerateRiskAversion__Cost-1__Fee-British__Starts-50 -offers-Eq9
[484/517] CS004ME Specification-ModerateRiskAversion__Cost-1__Fee-British__Starts-50 -stagecostdark-Eq13
[485/517] CS004ME Specification-ModerateRiskAversion__Cost-1__Fee-British__Starts-50 -stagecostdark-Eq2
[486/517] CS004ME Specification-ModerateRiskAversion__Cost-1__Fee-British__Starts-50 -stagecostdark-Eq18
[487/517] CS004ME Specification-ModerateRiskAversion__Cost-1__Fee-British__Starts-50 -stagecostdark-Eq19
[488/517] CS004ME Specification-ModerateRiskAversion__Cost-1__Fee-British__Starts-50 -stagecostdark-Eq15
[489/517] CS004ME Specification-ModerateRiskAversion__Cost-1__Fee-British__Starts-50 -stagecostdark-Eq17
[490/517] CS004ME Specification-ModerateRiskAversion__Cost-1__Fee-British__Starts-50 -stagecostdark-Eq14
[491/517] CS004ME Specification-ModerateRiskAversion__Cost-1__Fee-British__Starts-50 -stagecostdark-Eq16
[492/517] CS004ME Specification-ModerateRiskAversion__Cost-1__Fee-British__Starts-50 -stagecostdark-Eq3
[493/517] CS004ME Specification-ModerateRiskAversion__Cost-1__Fee-British__Starts-50 -stagecostdark-Eq4
[494/517] CS004ME Specification-ModerateRiskAversion__Cost-1__Fee-British__Starts-50 -stagecostlight-Eq1
[495/517] CS004ME Specification-ModerateRiskAversion__Cost-1__Fee-British__Starts-50 -stagecostlight-Eq12
[496/517] CS004ME Specification-ModerateRiskAversion__Cost-1__Fee-British__Starts-50 -stagecostlight-Eq11
[497/517] CS004ME Specification-ModerateRiskAversion__Cost-1__Fee-British__Starts-50 -stagecostdark-Eq9
[498/517] CS004ME Specification-ModerateRiskAversion__Cost-1__Fee-British__Starts-50 -stagecostlight-Eq10
[499/517] CS004ME Specification-ModerateRiskAversion__Cost-1__Fee-British__Starts-50 -stagecostdark-Eq5
[500/517] CS004ME Specification-ModerateRiskAversion__Cost-1__Fee-British__Starts-50 -stagecostlight-Eq14
[501/517] CS004ME Specification-ModerateRiskAversion__Cost-1__Fee-British__Starts-50 -stagecostlight-Eq13
[502/517] CS004ME Specification-ModerateRiskAversion__Cost-1__Fee-British__Starts-50 -stagecostdark-Eq6
[503/517] CS004ME Specification-ModerateRiskAversion__Cost-1__Fee-British__Starts-50 -stagecostdark-Eq7
[504/517] CS004ME Specification-ModerateRiskAversion__Cost-1__Fee-British__Starts-50 -stagecostdark-Eq8
[505/517] CS004ME Specification-ModerateRiskAversion__Cost-1__Fee-British__Starts-50 -stagecostlight-Eq2
[506/517] CS004ME Specification-ModerateRiskAversion__Cost-1__Fee-British__Starts-50 -stagecostlight-Eq3
[507/517] CS004ME Specification-ModerateRiskAversion__Cost-1__Fee-British__Starts-50 -stagecostlight-Eq15
[508/517] CS004ME Specification-ModerateRiskAversion__Cost-1__Fee-British__Starts-50 -stagecostlight-Eq17
[509/517] CS004ME Specification-ModerateRiskAversion__Cost-1__Fee-British__Starts-50 -stagecostlight-Eq16
[510/517] CS004ME Specification-ModerateRiskAversion__Cost-1__Fee-British__Starts-50 -stagecostlight-Eq18
[511/517] CS004ME Specification-ModerateRiskAversion__Cost-1__Fee-British__Starts-50 -stagecostlight-Eq19
[512/517] CS004ME Specification-ModerateRiskAversion__Cost-1__Fee-British__Starts-50 -stagecostlight-Eq4
[513/517] CS004ME Specification-ModerateRiskAversion__Cost-1__Fee-British__Starts-50 -stagecostlight-Eq7
[514/517] CS004ME Specification-ModerateRiskAversion__Cost-1__Fee-British__Starts-50 -stagecostlight-Eq6
[515/517] CS004ME Specification-ModerateRiskAversion__Cost-1__Fee-British__Starts-50 -stagecostlight-Eq5
[516/517] CS004ME Specification-ModerateRiskAversion__Cost-1__Fee-British__Starts-50 -stagecostlight-Eq8
[517/517] CS004ME Specification-ModerateRiskAversion__Cost-1__Fee-British__Starts-50 -stagecostlight-Eq9
Verified 6 scenarios, 85 profiles; generated 517 exhibits.
