Using SequenceForm
Game: LitigationGame: Specification-ModerateRiskAversion__Cost-1__Fee-American
CollapseChanceDecisions True
NumOffers 10   
NumPotentialBargainingRounds 1  BargainingRoundsSimultaneous True SimultaneousOffersUltimatelyRevealed True 
NumLiabilityStrengthPoints 2 NumLiabilitySignals 10 PLiabilityNoiseStdev 0.2 DLiabilityNoiseStdev 0.2 CourtLiabilityNoiseStdev 0.2 
NumDamagesStrengthPoints 1 NumDamagesSignals 1 PDamagesNoiseStdev 0.1 DDamagesNoiseStdev 0.1 CourtDamagesNoiseStdev 0.15 
SkipFileAndAnswerDecisions False AllowAbandonAndDefaults True PredeterminedAbandonAndDefaults True IncludeAgreementToBargainDecisions False DeltaOffersOptions N/A 
CostsMultiplier 1 PTrialCosts 0.15 DTrialCosts 0.15 PFilingCost 0.15 DAnswerCost 0.15 PerPartyCostsLeadingUpToBargainingRound 0 
LoserPays True Multiple 0 AfterAbandonment False Rule68 False Margin False (0.7)
PInitialWealth 10 DInitialWealth 10 
DamagesMin 0 DamagesMax 1 DamagesMultiplier 1
RegretAversion 0 
PUtilityCalculator CARA Alpha=2 DUtilityCalculator CARA Alpha=2 
LitigGameDisputeGenerator LitigGameUniformQualityDisputeGenerator QualityDistribution=Uniform(0,1);TruthGivenQuality=Bernoulli(q);GaussLegendreOrder=64
WarmStartOptions NoWarmStart for  iterations
Initializing all game paths...
... Chance nodes 111 decision nodes 4900 (80 information sets) final nodes 40200 total nodes 45211 Initialization milliseconds 1244
Prepping accelerated best response...
... 319 milliseconds. Chance nodes 111 decision nodes 4900 (80 information sets) final nodes 40200 total nodes 45211
Calculating min-max...
... complete 121 milliseconds
Replay risk-averse-american-cost-1: exact uniform prior, 480 validated actions; expect 403 pivots.

Game tree has 45211 nodes, of which 40200 are terminal nodes.
    Player 0 has 111 information sets, 210 moves in total
    Player 1 has  40 information sets, 240 moves in total
    Player 2 has  40 information sets, 240 moves in total
Sequence form LCP dimension is 564
    Player 1 has 241 sequences, subject to  41 constraints
    Player 2 has 241 sequences, subject to  41 constraints
Prior 1 of 1
  Pivot 50/403: z0=1, epsilon=0.2514, flow residual=2.78E-17 (26.3s)
... 100 steps (64639 ms) ...  Pivot 100/403: z0=1, epsilon=0.2514, flow residual=2.78E-17 (68.7s)
  Pivot 150/403: z0=1, epsilon=0.2514, flow residual=2.78E-17 (137.0s)
... 200 steps (272527 ms) ...  Pivot 200/403: z0=0.919, epsilon=0.2221, flow residual=1.67E-16 (279.1s)
  Pivot 250/403: z0=0.9074, epsilon=0.2251, flow residual=2.78E-17 (431.4s)
... 300 steps (579399 ms) ...  Pivot 300/403: z0=0.6345, epsilon=0.1896, flow residual=1.11E-16 (585.0s)
  Pivot 350/403: z0=0.6026, epsilon=0.1655, flow residual=1.11E-16 (741.4s)
... 400 steps (938918 ms) ...  Pivot 400/403: z0=0.5956, epsilon=0.169, flow residual=0 (943.5s)
  Pivot 403/403: z0=0, epsilon=2.274E-13, flow residual=0 (949.3s)
Complete after 403 pivoting steps
Equilibrium 1
Elapsed milliseconds prior 1: 948801
Verified original endpoint and 403 pivots; 404 frames; max saved probability difference 2.776E-17.
