Using SequenceForm
Game: LitigationGame: Specification-Baseline__Cost-1__Fee-British
CollapseChanceDecisions True
NumOffers 10   
NumPotentialBargainingRounds 1  BargainingRoundsSimultaneous True SimultaneousOffersUltimatelyRevealed True 
NumLiabilityStrengthPoints 2 NumLiabilitySignals 10 PLiabilityNoiseStdev 0.2 DLiabilityNoiseStdev 0.2 CourtLiabilityNoiseStdev 0.2 
NumDamagesStrengthPoints 1 NumDamagesSignals 1 PDamagesNoiseStdev 0.1 DDamagesNoiseStdev 0.1 CourtDamagesNoiseStdev 0.15 
SkipFileAndAnswerDecisions False AllowAbandonAndDefaults True PredeterminedAbandonAndDefaults True IncludeAgreementToBargainDecisions False DeltaOffersOptions N/A 
CostsMultiplier 1 PTrialCosts 0.15 DTrialCosts 0.15 PFilingCost 0.15 DAnswerCost 0.15 PerPartyCostsLeadingUpToBargainingRound 0 
LoserPays True Multiple 1 AfterAbandonment False Rule68 False Margin False (0.7)
PInitialWealth 10 DInitialWealth 10 
DamagesMin 0 DamagesMax 1 DamagesMultiplier 1
RegretAversion 0 
PUtilityCalculator Risk neutral DUtilityCalculator Risk neutral 
LitigGameDisputeGenerator LitigGameUniformQualityDisputeGenerator QualityDistribution=Uniform(0,1);TruthGivenQuality=Bernoulli(q);GaussLegendreOrder=64
WarmStartOptions NoWarmStart for  iterations
Initializing all game paths...
... Chance nodes 111 decision nodes 4900 (80 information sets) final nodes 40200 total nodes 45211 Initialization milliseconds 1393
Prepping accelerated best response...
... 314 milliseconds. Chance nodes 111 decision nodes 4900 (80 information sets) final nodes 40200 total nodes 45211
Calculating min-max...
... complete 129 milliseconds
Replay risk-neutral-trial-cost-1: exact uniform prior, 480 validated actions; expect 235 pivots.

Game tree has 45211 nodes, of which 40200 are terminal nodes.
    Player 0 has 111 information sets, 210 moves in total
    Player 1 has  40 information sets, 240 moves in total
    Player 2 has  40 information sets, 240 moves in total
Sequence form LCP dimension is 564
    Player 1 has 241 sequences, subject to  41 constraints
    Player 2 has 241 sequences, subject to  41 constraints
Prior 1 of 1
  Pivot 50/235: z0=1, epsilon=0.4204, flow residual=2.78E-17 (26.6s)
... 100 steps (63493 ms) ...  Pivot 100/235: z0=1, epsilon=0.4204, flow residual=2.78E-17 (66.9s)
  Pivot 150/235: z0=1, epsilon=0.4204, flow residual=2.78E-17 (129.1s)
... 200 steps (271062 ms) ...  Pivot 200/235: z0=0.3734, epsilon=0.1041, flow residual=1.11E-16 (276.9s)
  Pivot 235/235: z0=0, epsilon=1.776E-15, flow residual=0 (384.3s)
Complete after 235 pivoting steps
Equilibrium 1
Elapsed milliseconds prior 1: 383831
Verified original endpoint and 235 pivots; 236 frames; max saved probability difference 2.776E-17.
