Using SequenceForm
Game: LitigationGame: Specification-Baseline__Cost-1__Fee-British__ExitFees-AllUnilateralExits
CollapseChanceDecisions True
NumOffers 10   
NumPotentialBargainingRounds 1  BargainingRoundsSimultaneous True SimultaneousOffersUltimatelyRevealed True 
NumLiabilityStrengthPoints 2 NumLiabilitySignals 10 PLiabilityNoiseStdev 0.2 DLiabilityNoiseStdev 0.2 CourtLiabilityNoiseStdev 0.2 
NumDamagesStrengthPoints 1 NumDamagesSignals 1 PDamagesNoiseStdev 0.1 DDamagesNoiseStdev 0.1 CourtDamagesNoiseStdev 0.15 
SkipFileAndAnswerDecisions False AllowAbandonAndDefaults True PredeterminedAbandonAndDefaults True IncludeAgreementToBargainDecisions False DeltaOffersOptions N/A 
CostsMultiplier 1 PTrialCosts 0.15 DTrialCosts 0.15 PFilingCost 0.15 DAnswerCost 0.15 PerPartyCostsLeadingUpToBargainingRound 0 
LoserPays True Multiple 1 AfterAbandonment True Rule68 False Margin False (0.7)
PInitialWealth 10 DInitialWealth 10 
DamagesMin 0 DamagesMax 1 DamagesMultiplier 1
RegretAversion 0 
PUtilityCalculator Risk neutral DUtilityCalculator Risk neutral 
LitigGameDisputeGenerator LitigGameUniformQualityDisputeGenerator QualityDistribution=Uniform(0,1);TruthGivenQuality=Bernoulli(q);GaussLegendreOrder=64
WarmStartOptions NoWarmStart for  iterations
Initializing all game paths...
... Chance nodes 111 decision nodes 4900 (80 information sets) final nodes 40200 total nodes 45211 Initialization milliseconds 1296
Prepping accelerated best response...
... 434 milliseconds. Chance nodes 111 decision nodes 4900 (80 information sets) final nodes 40200 total nodes 45211
Calculating min-max...
... complete 133 milliseconds
Replay risk-neutral-complete-cost-1: exact uniform prior, 480 validated actions; expect 211 pivots.

Game tree has 45211 nodes, of which 40200 are terminal nodes.
    Player 0 has 111 information sets, 210 moves in total
    Player 1 has  40 information sets, 240 moves in total
    Player 2 has  40 information sets, 240 moves in total
Sequence form LCP dimension is 564
    Player 1 has 241 sequences, subject to  41 constraints
    Player 2 has 241 sequences, subject to  41 constraints
Prior 1 of 1
  Pivot 50/211: z0=1, epsilon=0.4868, flow residual=2.78E-17 (32.0s)
... 100 steps (72394 ms) ...  Pivot 100/211: z0=1, epsilon=0.4868, flow residual=2.78E-17 (76.1s)
  Pivot 150/211: z0=1, epsilon=0.4868, flow residual=2.78E-17 (132.8s)
... 200 steps (278508 ms) ...  Pivot 200/211: z0=0.1283, epsilon=0.03611, flow residual=4.44E-16 (284.2s)
  Pivot 211/211: z0=0, epsilon=0, flow residual=0 (317.1s)
Complete after 211 pivoting steps
Equilibrium 1
Elapsed milliseconds prior 1: 316574
Verified original endpoint and 211 pivots; 212 frames; max saved probability difference 2.776E-17.
